Archive member included to satisfy reference by file (symbol)

c:/program files/stmicroelectronics/stm32cubeide_1.9.0/stm32cubeide/plugins/com.st.stm32cube.ide.mcu.externaltools.gnu-tools-for-stm32.10.3-2021.10.win32_1.0.0.202111181127/tools/bin/../lib/gcc/arm-none-eabi/10.3.1/../../../../arm-none-eabi/lib/thumb/v6-m/nofp\libc_nano.a(lib_a-errno.o)
                              ./Core/Src/syscalls.o (__errno)
c:/program files/stmicroelectronics/stm32cubeide_1.9.0/stm32cubeide/plugins/com.st.stm32cube.ide.mcu.externaltools.gnu-tools-for-stm32.10.3-2021.10.win32_1.0.0.202111181127/tools/bin/../lib/gcc/arm-none-eabi/10.3.1/../../../../arm-none-eabi/lib/thumb/v6-m/nofp\libc_nano.a(lib_a-exit.o)
                              c:/program files/stmicroelectronics/stm32cubeide_1.9.0/stm32cubeide/plugins/com.st.stm32cube.ide.mcu.externaltools.gnu-tools-for-stm32.10.3-2021.10.win32_1.0.0.202111181127/tools/bin/../lib/gcc/arm-none-eabi/10.3.1/../../../../arm-none-eabi/lib/thumb/v6-m/nofp/crt0.o (exit)
c:/program files/stmicroelectronics/stm32cubeide_1.9.0/stm32cubeide/plugins/com.st.stm32cube.ide.mcu.externaltools.gnu-tools-for-stm32.10.3-2021.10.win32_1.0.0.202111181127/tools/bin/../lib/gcc/arm-none-eabi/10.3.1/../../../../arm-none-eabi/lib/thumb/v6-m/nofp\libc_nano.a(lib_a-impure.o)
                              c:/program files/stmicroelectronics/stm32cubeide_1.9.0/stm32cubeide/plugins/com.st.stm32cube.ide.mcu.externaltools.gnu-tools-for-stm32.10.3-2021.10.win32_1.0.0.202111181127/tools/bin/../lib/gcc/arm-none-eabi/10.3.1/../../../../arm-none-eabi/lib/thumb/v6-m/nofp\libc_nano.a(lib_a-exit.o) (_global_impure_ptr)
c:/program files/stmicroelectronics/stm32cubeide_1.9.0/stm32cubeide/plugins/com.st.stm32cube.ide.mcu.externaltools.gnu-tools-for-stm32.10.3-2021.10.win32_1.0.0.202111181127/tools/bin/../lib/gcc/arm-none-eabi/10.3.1/../../../../arm-none-eabi/lib/thumb/v6-m/nofp\libc_nano.a(lib_a-init.o)
                              c:/program files/stmicroelectronics/stm32cubeide_1.9.0/stm32cubeide/plugins/com.st.stm32cube.ide.mcu.externaltools.gnu-tools-for-stm32.10.3-2021.10.win32_1.0.0.202111181127/tools/bin/../lib/gcc/arm-none-eabi/10.3.1/../../../../arm-none-eabi/lib/thumb/v6-m/nofp/crt0.o (__libc_init_array)
c:/program files/stmicroelectronics/stm32cubeide_1.9.0/stm32cubeide/plugins/com.st.stm32cube.ide.mcu.externaltools.gnu-tools-for-stm32.10.3-2021.10.win32_1.0.0.202111181127/tools/bin/../lib/gcc/arm-none-eabi/10.3.1/../../../../arm-none-eabi/lib/thumb/v6-m/nofp\libc_nano.a(lib_a-memset.o)
                              c:/program files/stmicroelectronics/stm32cubeide_1.9.0/stm32cubeide/plugins/com.st.stm32cube.ide.mcu.externaltools.gnu-tools-for-stm32.10.3-2021.10.win32_1.0.0.202111181127/tools/bin/../lib/gcc/arm-none-eabi/10.3.1/../../../../arm-none-eabi/lib/thumb/v6-m/nofp/crt0.o (memset)
c:/program files/stmicroelectronics/stm32cubeide_1.9.0/stm32cubeide/plugins/com.st.stm32cube.ide.mcu.externaltools.gnu-tools-for-stm32.10.3-2021.10.win32_1.0.0.202111181127/tools/bin/../lib/gcc/arm-none-eabi/10.3.1/thumb/v6-m/nofp\libgcc.a(_udivsi3.o)
                              ./Core/Src/floppyctrl.o (__aeabi_uidiv)
c:/program files/stmicroelectronics/stm32cubeide_1.9.0/stm32cubeide/plugins/com.st.stm32cube.ide.mcu.externaltools.gnu-tools-for-stm32.10.3-2021.10.win32_1.0.0.202111181127/tools/bin/../lib/gcc/arm-none-eabi/10.3.1/thumb/v6-m/nofp\libgcc.a(_dvmd_tls.o)
                              c:/program files/stmicroelectronics/stm32cubeide_1.9.0/stm32cubeide/plugins/com.st.stm32cube.ide.mcu.externaltools.gnu-tools-for-stm32.10.3-2021.10.win32_1.0.0.202111181127/tools/bin/../lib/gcc/arm-none-eabi/10.3.1/thumb/v6-m/nofp\libgcc.a(_udivsi3.o) (__aeabi_idiv0)
c:/program files/stmicroelectronics/stm32cubeide_1.9.0/stm32cubeide/plugins/com.st.stm32cube.ide.mcu.externaltools.gnu-tools-for-stm32.10.3-2021.10.win32_1.0.0.202111181127/tools/bin/../lib/gcc/arm-none-eabi/10.3.1/thumb/v6-m/nofp\libgcc.a(_arm_cmpsf2.o)
                              ./Core/Src/floppyctrl.o (__aeabi_fcmpeq)
c:/program files/stmicroelectronics/stm32cubeide_1.9.0/stm32cubeide/plugins/com.st.stm32cube.ide.mcu.externaltools.gnu-tools-for-stm32.10.3-2021.10.win32_1.0.0.202111181127/tools/bin/../lib/gcc/arm-none-eabi/10.3.1/thumb/v6-m/nofp\libgcc.a(_fixunssfsi.o)
                              ./Core/Src/floppyctrl.o (__aeabi_f2uiz)
c:/program files/stmicroelectronics/stm32cubeide_1.9.0/stm32cubeide/plugins/com.st.stm32cube.ide.mcu.externaltools.gnu-tools-for-stm32.10.3-2021.10.win32_1.0.0.202111181127/tools/bin/../lib/gcc/arm-none-eabi/10.3.1/thumb/v6-m/nofp\libgcc.a(divsf3.o)
                              ./Core/Src/floppyctrl.o (__aeabi_fdiv)
c:/program files/stmicroelectronics/stm32cubeide_1.9.0/stm32cubeide/plugins/com.st.stm32cube.ide.mcu.externaltools.gnu-tools-for-stm32.10.3-2021.10.win32_1.0.0.202111181127/tools/bin/../lib/gcc/arm-none-eabi/10.3.1/thumb/v6-m/nofp\libgcc.a(eqsf2.o)
[...]
Memory Configuration

Name             Origin             Length             Attributes
RAM              0x0000000020000000 0x0000000000002000 xrw
FLASH            0x0000000008000000 0x0000000000008000 xr
*default*        0x0000000000000000 0xffffffffffffffff

Linker script and memory map

LOAD c:/program files/stmicroelectronics/stm32cubeide_1.9.0/stm32cubeide/plugins/com.st.stm32cube.ide.mcu.externaltools.gnu-tools-for-stm32.10.3-2021.10.win32_1.0.0.202111181127/tools/bin/../lib/gcc/arm-none-eabi/10.3.1/thumb/v6-m/nofp/crti.o
LOAD c:/program files/stmicroelectronics/stm32cubeide_1.9.0/stm32cubeide/plugins/com.st.stm32cube.ide.mcu.externaltools.gnu-tools-for-stm32.10.3-2021.10.win32_1.0.0.202111181127/tools/bin/../lib/gcc/arm-none-eabi/10.3.1/thumb/v6-m/nofp/crtbegin.o
LOAD c:/program files/stmicroelectronics/stm32cubeide_1.9.0/stm32cubeide/plugins/com.st.stm32cube.ide.mcu.externaltools.gnu-tools-for-stm32.10.3-2021.10.win32_1.0.0.202111181127/tools/bin/../lib/gcc/arm-none-eabi/10.3.1/../../../../arm-none-eabi/lib/thumb/v6-m/nofp/crt0.o
LOAD ./Core/Src/fdd_data.o
LOAD ./Core/Src/floppyctrl.o
LOAD ./Core/Src/helpers.o
LOAD ./Core/Src/main.o
LOAD ./Core/Src/stm32g0xx_hal_msp.o
LOAD ./Core/Src/stm32g0xx_it.o
LOAD ./Core/Src/syscalls.o
LOAD ./Core/Src/sysmem.o
LOAD ./Core/Src/system_stm32g0xx.o
LOAD ./Core/Startup/startup_stm32g030f6px.o
LOAD ./Drivers/STM32G0xx_HAL_Driver/Src/stm32g0xx_hal.o
LOAD ./Drivers/STM32G0xx_HAL_Driver/Src/stm32g0xx_hal_cortex.o
LOAD ./Drivers/STM32G0xx_HAL_Driver/Src/stm32g0xx_hal_dma.o
LOAD ./Drivers/STM32G0xx_HAL_Driver/Src/stm32g0xx_hal_dma_ex.o
LOAD ./Drivers/STM32G0xx_HAL_Driver/Src/stm32g0xx_hal_exti.o
LOAD ./Drivers/STM32G0xx_HAL_Driver/Src/stm32g0xx_hal_flash.o
LOAD ./Drivers/STM32G0xx_HAL_Driver/Src/stm32g0xx_hal_flash_ex.o
LOAD ./Drivers/STM32G0xx_HAL_Driver/Src/stm32g0xx_hal_gpio.o
LOAD ./Drivers/STM32G0xx_HAL_Driver/Src/stm32g0xx_hal_pwr.o
LOAD ./Drivers/STM32G0xx_HAL_Driver/Src/stm32g0xx_hal_pwr_ex.o
LOAD ./Drivers/STM32G0xx_HAL_Driver/Src/stm32g0xx_hal_rcc.o
LOAD ./Drivers/STM32G0xx_HAL_Driver/Src/stm32g0xx_hal_rcc_ex.o
LOAD ./Drivers/STM32G0xx_HAL_Driver/Src/stm32g0xx_hal_spi.o
LOAD ./Drivers/STM32G0xx_HAL_Driver/Src/stm32g0xx_hal_spi_ex.o
LOAD ./Drivers/STM32G0xx_HAL_Driver/Src/stm32g0xx_hal_tim.o
LOAD ./Drivers/STM32G0xx_HAL_Driver/Src/stm32g0xx_hal_tim_ex.o
LOAD ./Drivers/STM32G0xx_HAL_Driver/Src/stm32g0xx_ll_dma.o
LOAD ./Drivers/STM32G0xx_HAL_Driver/Src/stm32g0xx_ll_rcc.o
START GROUP
LOAD c:/program files/stmicroelectronics/stm32cubeide_1.9.0/stm32cubeide/plugins/com.st.stm32cube.ide.mcu.externaltools.gnu-tools-for-stm32.10.3-2021.10.win32_1.0.0.202111181127/tools/bin/../lib/gcc/arm-none-eabi/10.3.1/../../../../arm-none-eabi/lib/thumb/v6-m/nofp\libc_nano.a
LOAD c:/program files/stmicroelectronics/stm32cubeide_1.9.0/stm32cubeide/plugins/com.st.stm32cube.ide.mcu.externaltools.gnu-tools-for-stm32.10.3-2021.10.win32_1.0.0.202111181127/tools/bin/../lib/gcc/arm-none-eabi/10.3.1/../../../../arm-none-eabi/lib/thumb/v6-m/nofp\libm.a
END GROUP
START GROUP
LOAD c:/program files/stmicroelectronics/stm32cubeide_1.9.0/stm32cubeide/plugins/com.st.stm32cube.ide.mcu.externaltools.gnu-tools-for-stm32.10.3-2021.10.win32_1.0.0.202111181127/tools/bin/../lib/gcc/arm-none-eabi/10.3.1/thumb/v6-m/nofp\libgcc.a
LOAD c:/program files/stmicroelectronics/stm32cubeide_1.9.0/stm32cubeide/plugins/com.st.stm32cube.ide.mcu.externaltools.gnu-tools-for-stm32.10.3-2021.10.win32_1.0.0.202111181127/tools/bin/../lib/gcc/arm-none-eabi/10.3.1/../../../../arm-none-eabi/lib/thumb/v6-m/nofp\libc_nano.a
END GROUP
START GROUP
LOAD c:/program files/stmicroelectronics/stm32cubeide_1.9.0/stm32cubeide/plugins/com.st.stm32cube.ide.mcu.externaltools.gnu-tools-for-stm32.10.3-2021.10.win32_1.0.0.202111181127/tools/bin/../lib/gcc/arm-none-eabi/10.3.1/thumb/v6-m/nofp\libgcc.a
LOAD c:/program files/stmicroelectronics/stm32cubeide_1.9.0/stm32cubeide/plugins/com.st.stm32cube.ide.mcu.externaltools.gnu-tools-for-stm32.10.3-2021.10.win32_1.0.0.202111181127/tools/bin/../lib/gcc/arm-none-eabi/10.3.1/../../../../arm-none-eabi/lib/thumb/v6-m/nofp\libc_nano.a
LOAD c:/program files/stmicroelectronics/stm32cubeide_1.9.0/stm32cubeide/plugins/com.st.stm32cube.ide.mcu.externaltools.gnu-tools-for-stm32.10.3-2021.10.win32_1.0.0.202111181127/tools/bin/../lib/gcc/arm-none-eabi/10.3.1/../../../../arm-none-eabi/lib/thumb/v6-m/nofp\libnosys.a
END GROUP
START GROUP
LOAD c:/program files/stmicroelectronics/stm32cubeide_1.9.0/stm32cubeide/plugins/com.st.stm32cube.ide.mcu.externaltools.gnu-tools-for-stm32.10.3-2021.10.win32_1.0.0.202111181127/tools/bin/../lib/gcc/arm-none-eabi/10.3.1/thumb/v6-m/nofp\libgcc.a
LOAD c:/program files/stmicroelectronics/stm32cubeide_1.9.0/stm32cubeide/plugins/com.st.stm32cube.ide.mcu.externaltools.gnu-tools-for-stm32.10.3-2021.10.win32_1.0.0.202111181127/tools/bin/../lib/gcc/arm-none-eabi/10.3.1/../../../../arm-none-eabi/lib/thumb/v6-m/nofp\libc_nano.a
LOAD c:/program files/stmicroelectronics/stm32cubeide_1.9.0/stm32cubeide/plugins/com.st.stm32cube.ide.mcu.externaltools.gnu-tools-for-stm32.10.3-2021.10.win32_1.0.0.202111181127/tools/bin/../lib/gcc/arm-none-eabi/10.3.1/../../../../arm-none-eabi/lib/thumb/v6-m/nofp\libnosys.a
END GROUP
LOAD c:/program files/stmicroelectronics/stm32cubeide_1.9.0/stm32cubeide/plugins/com.st.stm32cube.ide.mcu.externaltools.gnu-tools-for-stm32.10.3-2021.10.win32_1.0.0.202111181127/tools/bin/../lib/gcc/arm-none-eabi/10.3.1/thumb/v6-m/nofp/crtend.o
LOAD c:/program files/stmicroelectronics/stm32cubeide_1.9.0/stm32cubeide/plugins/com.st.stm32cube.ide.mcu.externaltools.gnu-tools-for-stm32.10.3-2021.10.win32_1.0.0.202111181127/tools/bin/../lib/gcc/arm-none-eabi/10.3.1/thumb/v6-m/nofp/crtn.o
                0x0000000020002000                _estack = (ORIGIN (RAM) + LENGTH (RAM))
                0x0000000000000200                _Min_Heap_Size = 0x200
                0x0000000000000400                _Min_Stack_Size = 0x400

.isr_vector     0x0000000008000000       0xb8
                0x0000000008000000                . = ALIGN (0x4)
 *(.isr_vector)
 .isr_vector    0x0000000008000000       0xb8 ./Core/Startup/startup_stm32g030f6px.o
                0x0000000008000000                g_pfnVectors
                0x00000000080000b8                . = ALIGN (0x4)

.text           0x00000000080000b8     0x4d68
                0x00000000080000b8                . = ALIGN (0x4)
 *(.text)
 .text          0x00000000080000b8       0x48 c:/program files/stmicroelectronics/stm32cubeide_1.9.0/stm32cubeide/plugins/com.st.stm32cube.ide.mcu.externaltools.gnu-tools-for-stm32.10.3-2021.10.win32_1.0.0.202111181127/tools/bin/../lib/gcc/arm-none-eabi/10.3.1/thumb/v6-m/nofp/crtbegin.o
 .text          0x0000000008000100      0x114 c:/program files/stmicroelectronics/stm32cubeide_1.9.0/stm32cubeide/plugins/com.st.stm32cube.ide.mcu.externaltools.gnu-tools-for-stm32.10.3-2021.10.win32_1.0.0.202111181127/tools/bin/../lib/gcc/arm-none-eabi/10.3.1/thumb/v6-m/nofp\libgcc.a(_udivsi3.o)
                0x0000000008000100                __aeabi_uidiv
                0x0000000008000100                __udivsi3
                0x000000000800020c                __aeabi_uidivmod
 .text          0x0000000008000214        0x4 c:/program files/stmicroelectronics/stm32cubeide_1.9.0/stm32cubeide/plugins/com.st.stm32cube.ide.mcu.externaltools.gnu-tools-for-stm32.10.3-2021.10.win32_1.0.0.202111181127/tools/bin/../lib/gcc/arm-none-eabi/10.3.1/thumb/v6-m/nofp\libgcc.a(_dvmd_tls.o)
                0x0000000008000214                __aeabi_idiv0
                0x0000000008000214                __aeabi_ldiv0
 .text          0x0000000008000218       0x74 c:/program files/stmicroelectronics/stm32cubeide_1.9.0/stm32cubeide/plugins/com.st.stm32cube.ide.mcu.externaltools.gnu-tools-for-stm32.10.3-2021.10.win32_1.0.0.202111181127/tools/bin/../lib/gcc/arm-none-eabi/10.3.1/thumb/v6-m/nofp\libgcc.a(_arm_cmpsf2.o)
                0x0000000008000218                __aeabi_cfrcmple
                0x0000000008000220                __aeabi_cfcmpeq
                0x0000000008000220                __aeabi_cfcmple
                0x0000000008000230                __aeabi_fcmpeq
                0x000000000800023c                __aeabi_fcmplt
                0x0000000008000250                __aeabi_fcmple
                0x0000000008000264                __aeabi_fcmpgt
                0x0000000008000278                __aeabi_fcmpge
 .text          0x000000000800028c       0x30 c:/program files/stmicroelectronics/stm32cubeide_1.9.0/stm32cubeide/plugins/com.st.stm32cube.ide.mcu.externaltools.gnu-tools-for-stm32.10.3-2021.10.win32_1.0.0.202111181127/tools/bin/../lib/gcc/arm-none-eabi/10.3.1/thumb/v6-m/nofp\libgcc.a(_fixunssfsi.o)
                0x000000000800028c                __fixunssfsi
                0x000000000800028c                __aeabi_f2uiz
 .text          0x00000000080002bc      0x230 c:/program files/stmicroelectronics/stm32cubeide_1.9.0/stm32cubeide/plugins/com.st.stm32cube.ide.mcu.externaltools.gnu-tools-for-stm32.10.3-2021.10.win32_1.0.0.202111181127/tools/bin/../lib/gcc/arm-none-eabi/10.3.1/thumb/v6-m/nofp\libgcc.a(divsf3.o)
                0x00000000080002bc                __aeabi_fdiv
 .text          0x00000000080004ec       0x4c c:/program files/stmicroelectronics/stm32cubeide_1.9.0/stm32cubeide/plugins/com.st.stm32cube.ide.mcu.externaltools.gnu-tools-for-stm32.10.3-2021.10.win32_1.0.0.202111181127/tools/bin/../lib/gcc/arm-none-eabi/10.3.1/thumb/v6-m/nofp\libgcc.a(eqsf2.o)
                0x00000000080004ec                __eqsf2
                0x00000000080004ec                __nesf2
 .text          0x0000000008000538       0x8c c:/program files/stmicroelectronics/stm32cubeide_1.9.0/stm32cubeide/plugins/com.st.stm32cube.ide.mcu.externaltools.gnu-tools-for-stm32.10.3-2021.10.win32_1.0.0.202111181127/tools/bin/../lib/gcc/arm-none-eabi/10.3.1/thumb/v6-m/nofp\libgcc.a(gesf2.o)
                0x0000000008000538                __gesf2
                0x0000000008000538                __gtsf2
 .text          0x00000000080005c4       0x88 c:/program files/stmicroelectronics/stm32cubeide_1.9.0/stm32cubeide/plugins/com.st.stm32cube.ide.mcu.externaltools.gnu-tools-for-stm32.10.3-2021.10.win32_1.0.0.202111181127/tools/bin/../lib/gcc/arm-none-eabi/10.3.1/thumb/v6-m/nofp\libgcc.a(lesf2.o)
                0x00000000080005c4                __ltsf2
                0x00000000080005c4                __lesf2
 .text          0x000000000800064c      0x35c c:/program files/stmicroelectronics/stm32cubeide_1.9.0/stm32cubeide/plugins/com.st.stm32cube.ide.mcu.externaltools.gnu-tools-for-stm32.10.3-2021.10.win32_1.0.0.202111181127/tools/bin/../lib/gcc/arm-none-eabi/10.3.1/thumb/v6-m/nofp\libgcc.a(subsf3.o)
                0x000000000800064c                __aeabi_fsub
 .text          0x00000000080009a8       0x40 c:/program files/stmicroelectronics/stm32cubeide_1.9.0/stm32cubeide/plugins/com.st.stm32cube.ide.mcu.externaltools.gnu-tools-for-stm32.10.3-2021.10.win32_1.0.0.202111181127/tools/bin/../lib/gcc/arm-none-eabi/10.3.1/thumb/v6-m/nofp\libgcc.a(fixsfsi.o)
                0x00000000080009a8                __aeabi_f2iz
 .text          0x00000000080009e8       0x84 c:/program files/stmicroelectronics/stm32cubeide_1.9.0/stm32cubeide/plugins/com.st.stm32cube.ide.mcu.externaltools.gnu-tools-for-stm32.10.3-2021.10.win32_1.0.0.202111181127/tools/bin/../lib/gcc/arm-none-eabi/10.3.1/thumb/v6-m/nofp\libgcc.a(floatunsisf.o)
                0x00000000080009e8                __aeabi_ui2f
 .text          0x0000000008000a6c       0x3c c:/program files/stmicroelectronics/stm32cubeide_1.9.0/stm32cubeide/plugins/com.st.stm32cube.ide.mcu.externaltools.gnu-tools-for-stm32.10.3-2021.10.win32_1.0.0.202111181127/tools/bin/../lib/gcc/arm-none-eabi/10.3.1/thumb/v6-m/nofp\libgcc.a(_clzsi2.o)
                0x0000000008000a6c                __clzsi2
 *(.text*)
 .text.sendSectorSpi
                0x0000000008000aa8       0x50 ./Core/Src/fdd_data.o
                0x0000000008000aa8                sendSectorSpi
 .text.sendSpiData_done
                0x0000000008000af8       0x2c ./Core/Src/fdd_data.o
                0x0000000008000af8                sendSpiData_done
 .text.sendDataStatus
                0x0000000008000b24       0x34 ./Core/Src/fdd_data.o
                0x0000000008000b24                sendDataStatus
 .text.stopReadData
                0x0000000008000b58       0x34 ./Core/Src/fdd_data.o
                0x0000000008000b58                stopReadData
 .text.handleData
                0x0000000008000b8c      0x108 ./Core/Src/fdd_data.o
                0x0000000008000b8c                handleData
 .text.HAL_TIM_IC_CaptureCallback
                0x0000000008000c94       0x1c ./Core/Src/fdd_data.o
                0x0000000008000c94                HAL_TIM_IC_CaptureCallback
 .text.HAL_TIM_IC_CaptureHalfCpltCallback
                0x0000000008000cb0       0x1c ./Core/Src/fdd_data.o
                0x0000000008000cb0                HAL_TIM_IC_CaptureHalfCpltCallback
 .text.handleIndex
                0x0000000008000ccc       0x68 ./Core/Src/fdd_data.o
                0x0000000008000ccc                handleIndex
 .text.setMotor
                0x0000000008000d34       0x14 ./Core/Src/fdd_data.o
                0x0000000008000d34                setMotor
 .text.beginReadData
                0x0000000008000d48       0x68 ./Core/Src/fdd_data.o
                0x0000000008000d48                beginReadData
 .text.enableDataMode
                0x0000000008000db0       0x30 ./Core/Src/fdd_data.o
                0x0000000008000db0                enableDataMode
 .text.setTrack
                0x0000000008000de0        0xc ./Core/Src/floppyctrl.o
                0x0000000008000de0                setTrack
 .text.HAL_GPIO_EXTI_Rising_Callback
                0x0000000008000dec       0x24 ./Core/Src/floppyctrl.o
                0x0000000008000dec                HAL_GPIO_EXTI_Rising_Callback
 .text.HAL_GPIO_EXTI_Falling_Callback
                0x0000000008000e10       0x38 ./Core/Src/floppyctrl.o
                0x0000000008000e10                HAL_GPIO_EXTI_Falling_Callback
 .text.HAL_TIM_PeriodElapsedCallback
                0x0000000008000e48        0x2 ./Core/Src/floppyctrl.o
                0x0000000008000e48                HAL_TIM_PeriodElapsedCallback
 .text.setEnabled
                0x0000000008000e4a       0x14 ./Core/Src/floppyctrl.o
                0x0000000008000e4a                setEnabled
 *fill*         0x0000000008000e5e        0x2 
 .text.setSteps
                0x0000000008000e60       0x1c ./Core/Src/floppyctrl.o
                0x0000000008000e60                setSteps
 .text.getAddress
                0x0000000008000e7c        0xc ./Core/Src/floppyctrl.o
                0x0000000008000e7c                getAddress
 .text.spiBeginReceive
                0x0000000008000e88       0x18 ./Core/Src/floppyctrl.o
                0x0000000008000e88                spiBeginReceive
 .text.spiBeginTransmit
                0x0000000008000ea0       0x14 ./Core/Src/floppyctrl.o
                0x0000000008000ea0                spiBeginTransmit
 .text.executeCmd_IT
                0x0000000008000eb4       0x78 ./Core/Src/floppyctrl.o
                0x0000000008000eb4                executeCmd_IT
 .text.HAL_SPI_TxCpltCallback
                0x0000000008000f2c       0x18 ./Core/Src/floppyctrl.o
                0x0000000008000f2c                HAL_SPI_TxCpltCallback
 .text.HAL_SPI_RxCpltCallback
                0x0000000008000f44       0x7c ./Core/Src/floppyctrl.o
                0x0000000008000f44                HAL_SPI_RxCpltCallback
 .text.gpioStepPin
                0x0000000008000fc0       0x2a ./Core/Src/floppyctrl.o
                0x0000000008000fc0                gpioStepPin
 .text.reinitTimerStepPin
                0x0000000008000fea       0x14 ./Core/Src/floppyctrl.o
                0x0000000008000fea                reinitTimerStepPin
 *fill*         0x0000000008000ffe        0x2 
 .text.setPulseFreq
                0x0000000008001000       0xa4 ./Core/Src/floppyctrl.o
                0x0000000008001000                setPulseFreq
 .text.findAddress
                0x00000000080010a4      0x124 ./Core/Src/floppyctrl.o
                0x00000000080010a4                findAddress
 .text.homeHeads
                0x00000000080011c8       0xbc ./Core/Src/floppyctrl.o
                0x00000000080011c8                homeHeads
 .text.setExtClkMode
                0x0000000008001284       0x88 ./Core/Src/floppyctrl.o
                0x0000000008001284                setExtClkMode
 .text.executeCmd
                0x000000000800130c      0x100 ./Core/Src/floppyctrl.o
                0x000000000800130c                executeCmd
 .text.update   0x000000000800140c       0x24 ./Core/Src/floppyctrl.o
                0x000000000800140c                update
 .text.initializeTimers
                0x0000000008001430       0x30 ./Core/Src/floppyctrl.o
                0x0000000008001430                initializeTimers
 .text.initializeComms
                0x0000000008001460        0x8 ./Core/Src/floppyctrl.o
                0x0000000008001460                initializeComms
 .text.HAL_SPI_ErrorCallback
                0x0000000008001468       0x20 ./Core/Src/floppyctrl.o
                0x0000000008001468                HAL_SPI_ErrorCallback
 .text.bytesToFloat
                0x0000000008001488       0x32 ./Core/Src/helpers.o
                0x0000000008001488                bytesToFloat
 *fill*         0x00000000080014ba        0x2 
 .text.MX_GPIO_Init
                0x00000000080014bc       0xf8 ./Core/Src/main.o
 .text.Error_Handler
                0x00000000080015b4        0x4 ./Core/Src/main.o
                0x00000000080015b4                Error_Handler
 .text.MX_DMA_Init
                0x00000000080015b8       0x74 ./Core/Src/main.o
 .text.MX_SPI1_Init
                0x000000000800162c       0x48 ./Core/Src/main.o
 .text.MX_TIM14_Init
                0x0000000008001674       0x30 ./Core/Src/main.o
 .text.MX_TIM17_Init
                0x00000000080016a4       0x70 ./Core/Src/main.o
 .text.SystemClock_Config
                0x0000000008001714       0x78 ./Core/Src/main.o
                0x0000000008001714                SystemClock_Config
 .text.MX_TIM1_Init
                0x000000000800178c      0x100 ./Core/Src/main.o
                0x000000000800178c                MX_TIM1_Init
 .text.MX_TIM3_Init
                0x000000000800188c       0xb4 ./Core/Src/main.o
                0x000000000800188c                MX_TIM3_Init
 .text.main     0x0000000008001940       0x44 ./Core/Src/main.o
                0x0000000008001940                main
 .text.HAL_MspInit
                0x0000000008001984       0x30 ./Core/Src/stm32g0xx_hal_msp.o
                0x0000000008001984                HAL_MspInit
 .text.HAL_SPI_MspInit
                0x00000000080019b4       0xe4 ./Core/Src/stm32g0xx_hal_msp.o
                0x00000000080019b4                HAL_SPI_MspInit
 .text.HAL_TIM_Base_MspInit
                0x0000000008001a98      0x14c ./Core/Src/stm32g0xx_hal_msp.o
                0x0000000008001a98                HAL_TIM_Base_MspInit
 .text.HAL_TIM_MspPostInit
                0x0000000008001be4       0x88 ./Core/Src/stm32g0xx_hal_msp.o
                0x0000000008001be4                HAL_TIM_MspPostInit
 .text.NMI_Handler
                0x0000000008001c6c        0x2 ./Core/Src/stm32g0xx_it.o
                0x0000000008001c6c                NMI_Handler
 .text.HardFault_Handler
                0x0000000008001c6e        0x2 ./Core/Src/stm32g0xx_it.o
                0x0000000008001c6e                HardFault_Handler
 .text.SVC_Handler
                0x0000000008001c70        0x2 ./Core/Src/stm32g0xx_it.o
                0x0000000008001c70                SVC_Handler
 .text.PendSV_Handler
                0x0000000008001c72        0x2 ./Core/Src/stm32g0xx_it.o
                0x0000000008001c72                PendSV_Handler
 .text.SysTick_Handler
                0x0000000008001c74        0x8 ./Core/Src/stm32g0xx_it.o
                0x0000000008001c74                SysTick_Handler
 .text.EXTI4_15_IRQHandler
                0x0000000008001c7c       0x1a ./Core/Src/stm32g0xx_it.o
                0x0000000008001c7c                EXTI4_15_IRQHandler
 *fill*         0x0000000008001c96        0x2 
 .text.DMA1_Channel1_IRQHandler
                0x0000000008001c98       0x10 ./Core/Src/stm32g0xx_it.o
                0x0000000008001c98                DMA1_Channel1_IRQHandler
 .text.DMA1_Channel2_3_IRQHandler
                0x0000000008001ca8       0x18 ./Core/Src/stm32g0xx_it.o
                0x0000000008001ca8                DMA1_Channel2_3_IRQHandler
 .text.TIM17_IRQHandler
                0x0000000008001cc0       0x10 ./Core/Src/stm32g0xx_it.o
                0x0000000008001cc0                TIM17_IRQHandler
 .text.SPI1_IRQHandler
                0x0000000008001cd0       0x10 ./Core/Src/stm32g0xx_it.o
                0x0000000008001cd0                SPI1_IRQHandler
 .text.SystemInit
                0x0000000008001ce0        0x2 ./Core/Src/system_stm32g0xx.o
                0x0000000008001ce0                SystemInit
 *fill*         0x0000000008001ce2        0x2 
 .text.Reset_Handler
                0x0000000008001ce4       0x50 ./Core/Startup/startup_stm32g030f6px.o
                0x0000000008001ce4                Reset_Handler
 .text.Default_Handler
                0x0000000008001d34        0x2 ./Core/Startup/startup_stm32g030f6px.o
                0x0000000008001d34                TIM1_CC_IRQHandler
                0x0000000008001d34                I2C1_IRQHandler
                0x0000000008001d34                RTC_TAMP_IRQHandler
                0x0000000008001d34                DMA1_Ch4_5_DMAMUX1_OVR_IRQHandler
                0x0000000008001d34                EXTI2_3_IRQHandler
                0x0000000008001d34                ADC1_IRQHandler
                0x0000000008001d34                I2C2_IRQHandler
                0x0000000008001d34                TIM16_IRQHandler
                0x0000000008001d34                TIM3_IRQHandler
                0x0000000008001d34                RCC_IRQHandler
                0x0000000008001d34                Default_Handler
                0x0000000008001d34                TIM14_IRQHandler
                0x0000000008001d34                EXTI0_1_IRQHandler
                0x0000000008001d34                SPI2_IRQHandler
                0x0000000008001d34                WWDG_IRQHandler
                0x0000000008001d34                USART2_IRQHandler
                0x0000000008001d34                FLASH_IRQHandler
                0x0000000008001d34                USART1_IRQHandler
                0x0000000008001d34                TIM1_BRK_UP_TRG_COM_IRQHandler
 *fill*         0x0000000008001d36        0x2 
 .text.HAL_InitTick
                0x0000000008001d38       0x58 ./Drivers/STM32G0xx_HAL_Driver/Src/stm32g0xx_hal.o
                0x0000000008001d38                HAL_InitTick
 .text.HAL_Init
                0x0000000008001d90       0x28 ./Drivers/STM32G0xx_HAL_Driver/Src/stm32g0xx_hal.o
                0x0000000008001d90                HAL_Init
 .text.HAL_IncTick
                0x0000000008001db8       0x18 ./Drivers/STM32G0xx_HAL_Driver/Src/stm32g0xx_hal.o
                0x0000000008001db8                HAL_IncTick
 .text.HAL_GetTick
                0x0000000008001dd0        0xc ./Drivers/STM32G0xx_HAL_Driver/Src/stm32g0xx_hal.o
                0x0000000008001dd0                HAL_GetTick
 .text.HAL_Delay
                0x0000000008001ddc       0x24 ./Drivers/STM32G0xx_HAL_Driver/Src/stm32g0xx_hal.o
                0x0000000008001ddc                HAL_Delay
 .text.HAL_NVIC_SetPriority
                0x0000000008001e00       0x60 ./Drivers/STM32G0xx_HAL_Driver/Src/stm32g0xx_hal_cortex.o
                0x0000000008001e00                HAL_NVIC_SetPriority
 .text.HAL_NVIC_EnableIRQ
                0x0000000008001e60       0x18 ./Drivers/STM32G0xx_HAL_Driver/Src/stm32g0xx_hal_cortex.o
                0x0000000008001e60                HAL_NVIC_EnableIRQ
 .text.HAL_SYSTICK_Config
                0x0000000008001e78       0x38 ./Drivers/STM32G0xx_HAL_Driver/Src/stm32g0xx_hal_cortex.o
                0x0000000008001e78                HAL_SYSTICK_Config
 .text.DMA_SetConfig
                0x0000000008001eb0       0x48 ./Drivers/STM32G0xx_HAL_Driver/Src/stm32g0xx_hal_dma.o
 .text.DMA_CalcDMAMUXChannelBaseAndMask
                0x0000000008001ef8       0x38 ./Drivers/STM32G0xx_HAL_Driver/Src/stm32g0xx_hal_dma.o
 .text.DMA_CalcDMAMUXRequestGenBaseAndMask
                0x0000000008001f30       0x28 ./Drivers/STM32G0xx_HAL_Driver/Src/stm32g0xx_hal_dma.o
 .text.HAL_DMA_Init
                0x0000000008001f58       0xb0 ./Drivers/STM32G0xx_HAL_Driver/Src/stm32g0xx_hal_dma.o
                0x0000000008001f58                HAL_DMA_Init
 .text.HAL_DMA_Start_IT
                0x0000000008002008       0x9c ./Drivers/STM32G0xx_HAL_Driver/Src/stm32g0xx_hal_dma.o
                0x0000000008002008                HAL_DMA_Start_IT
 .text.HAL_DMA_Abort_IT
                0x00000000080020a4       0x80 ./Drivers/STM32G0xx_HAL_Driver/Src/stm32g0xx_hal_dma.o
                0x00000000080020a4                HAL_DMA_Abort_IT
 .text.HAL_DMA_IRQHandler
                0x0000000008002124       0xcc ./Drivers/STM32G0xx_HAL_Driver/Src/stm32g0xx_hal_dma.o
                0x0000000008002124                HAL_DMA_IRQHandler
 .text.HAL_GPIO_Init
                0x00000000080021f0      0x178 ./Drivers/STM32G0xx_HAL_Driver/Src/stm32g0xx_hal_gpio.o
                0x00000000080021f0                HAL_GPIO_Init
 .text.HAL_GPIO_DeInit
                0x0000000008002368      0x104 ./Drivers/STM32G0xx_HAL_Driver/Src/stm32g0xx_hal_gpio.o
                0x0000000008002368                HAL_GPIO_DeInit
 .text.HAL_GPIO_ReadPin
                0x000000000800246c        0xe ./Drivers/STM32G0xx_HAL_Driver/Src/stm32g0xx_hal_gpio.o
                0x000000000800246c                HAL_GPIO_ReadPin
 .text.HAL_GPIO_WritePin
                0x000000000800247a        0xc ./Drivers/STM32G0xx_HAL_Driver/Src/stm32g0xx_hal_gpio.o
                0x000000000800247a                HAL_GPIO_WritePin
 .text.HAL_GPIO_TogglePin
                0x0000000008002486       0x10 ./Drivers/STM32G0xx_HAL_Driver/Src/stm32g0xx_hal_gpio.o
                0x0000000008002486                HAL_GPIO_TogglePin
 *fill*         0x0000000008002496        0x2 
 .text.HAL_GPIO_EXTI_IRQHandler
                0x0000000008002498       0x30 ./Drivers/STM32G0xx_HAL_Driver/Src/stm32g0xx_hal_gpio.o
                0x0000000008002498                HAL_GPIO_EXTI_IRQHandler
 .text.HAL_PWREx_ControlVoltageScaling
                0x00000000080024c8       0x54 ./Drivers/STM32G0xx_HAL_Driver/Src/stm32g0xx_hal_pwr_ex.o
                0x00000000080024c8                HAL_PWREx_ControlVoltageScaling
 .text.HAL_RCC_OscConfig
                0x000000000800251c      0x4a4 ./Drivers/STM32G0xx_HAL_Driver/Src/stm32g0xx_hal_rcc.o
                0x000000000800251c                HAL_RCC_OscConfig
 .text.HAL_RCC_GetSysClockFreq
                0x00000000080029c0       0xb8 ./Drivers/STM32G0xx_HAL_Driver/Src/stm32g0xx_hal_rcc.o
                0x00000000080029c0                HAL_RCC_GetSysClockFreq
 .text.HAL_RCC_ClockConfig
                0x0000000008002a78      0x18c ./Drivers/STM32G0xx_HAL_Driver/Src/stm32g0xx_hal_rcc.o
                0x0000000008002a78                HAL_RCC_ClockConfig
 .text.HAL_RCC_GetHCLKFreq
                0x0000000008002c04        0xc ./Drivers/STM32G0xx_HAL_Driver/Src/stm32g0xx_hal_rcc.o
                0x0000000008002c04                HAL_RCC_GetHCLKFreq
 .text.SPI_WaitFlagStateUntilTimeout
                0x0000000008002c10       0xe8 ./Drivers/STM32G0xx_HAL_Driver/Src/stm32g0xx_hal_spi.o
 .text.SPI_WaitFifoStateUntilTimeout
                0x0000000008002cf8      0x114 ./Drivers/STM32G0xx_HAL_Driver/Src/stm32g0xx_hal_spi.o
 .text.SPI_EndRxTxTransaction
                0x0000000008002e0c       0x68 ./Drivers/STM32G0xx_HAL_Driver/Src/stm32g0xx_hal_spi.o
 .text.SPI_EndRxTransaction
                0x0000000008002e74       0x90 ./Drivers/STM32G0xx_HAL_Driver/Src/stm32g0xx_hal_spi.o
 .text.HAL_SPI_Init
                0x0000000008002f04      0x14c ./Drivers/STM32G0xx_HAL_Driver/Src/stm32g0xx_hal_spi.o
                0x0000000008002f04                HAL_SPI_Init
 .text.HAL_SPI_Transmit_DMA
                0x0000000008003050      0x164 ./Drivers/STM32G0xx_HAL_Driver/Src/stm32g0xx_hal_spi.o
                0x0000000008003050                HAL_SPI_Transmit_DMA
 .text.HAL_SPI_TransmitReceive_DMA
                0x00000000080031b4      0x244 ./Drivers/STM32G0xx_HAL_Driver/Src/stm32g0xx_hal_spi.o
                0x00000000080031b4                HAL_SPI_TransmitReceive_DMA
 .text.HAL_SPI_Receive_DMA
                0x00000000080033f8      0x1b0 ./Drivers/STM32G0xx_HAL_Driver/Src/stm32g0xx_hal_spi.o
                0x00000000080033f8                HAL_SPI_Receive_DMA
 .text.HAL_SPI_TxRxCpltCallback
                0x00000000080035a8        0x2 ./Drivers/STM32G0xx_HAL_Driver/Src/stm32g0xx_hal_spi.o
                0x00000000080035a8                HAL_SPI_TxRxCpltCallback
 .text.HAL_SPI_TxHalfCpltCallback
                0x00000000080035aa        0x2 ./Drivers/STM32G0xx_HAL_Driver/Src/stm32g0xx_hal_spi.o
                0x00000000080035aa                HAL_SPI_TxHalfCpltCallback
 .text.SPI_DMAHalfTransmitCplt
                0x00000000080035ac        0xa ./Drivers/STM32G0xx_HAL_Driver/Src/stm32g0xx_hal_spi.o
 .text.HAL_SPI_RxHalfCpltCallback
                0x00000000080035b6        0x2 ./Drivers/STM32G0xx_HAL_Driver/Src/stm32g0xx_hal_spi.o
                0x00000000080035b6                HAL_SPI_RxHalfCpltCallback
 .text.SPI_DMAHalfReceiveCplt
                0x00000000080035b8        0xa ./Drivers/STM32G0xx_HAL_Driver/Src/stm32g0xx_hal_spi.o
 .text.HAL_SPI_TxRxHalfCpltCallback
                0x00000000080035c2        0x2 ./Drivers/STM32G0xx_HAL_Driver/Src/stm32g0xx_hal_spi.o
                0x00000000080035c2                HAL_SPI_TxRxHalfCpltCallback
 .text.SPI_DMAHalfTransmitReceiveCplt
                0x00000000080035c4        0xa ./Drivers/STM32G0xx_HAL_Driver/Src/stm32g0xx_hal_spi.o
 .text.SPI_DMAError
                0x00000000080035ce       0x22 ./Drivers/STM32G0xx_HAL_Driver/Src/stm32g0xx_hal_spi.o
 .text.SPI_DMATransmitCplt
                0x00000000080035f0       0x74 ./Drivers/STM32G0xx_HAL_Driver/Src/stm32g0xx_hal_spi.o
 .text.SPI_DMAReceiveCplt
                0x0000000008003664      0x114 ./Drivers/STM32G0xx_HAL_Driver/Src/stm32g0xx_hal_spi.o
 .text.SPI_DMATransmitReceiveCplt
                0x0000000008003778       0xf8 ./Drivers/STM32G0xx_HAL_Driver/Src/stm32g0xx_hal_spi.o
 .text.HAL_SPI_IRQHandler
                0x0000000008003870      0x124 ./Drivers/STM32G0xx_HAL_Driver/Src/stm32g0xx_hal_spi.o
                0x0000000008003870                HAL_SPI_IRQHandler
 .text.SPI_DMAAbortOnError
                0x0000000008003994       0x12 ./Drivers/STM32G0xx_HAL_Driver/Src/stm32g0xx_hal_spi.o
 *fill*         0x00000000080039a6        0x2 
 .text.TIM_OC1_SetConfig
                0x00000000080039a8       0x7c ./Drivers/STM32G0xx_HAL_Driver/Src/stm32g0xx_hal_tim.o
 .text.TIM_OC3_SetConfig
                0x0000000008003a24       0x8c ./Drivers/STM32G0xx_HAL_Driver/Src/stm32g0xx_hal_tim.o
 .text.TIM_OC4_SetConfig
                0x0000000008003ab0       0x68 ./Drivers/STM32G0xx_HAL_Driver/Src/stm32g0xx_hal_tim.o
 .text.TIM_OC5_SetConfig
                0x0000000008003b18       0x64 ./Drivers/STM32G0xx_HAL_Driver/Src/stm32g0xx_hal_tim.o
 .text.TIM_OC6_SetConfig
                0x0000000008003b7c       0x68 ./Drivers/STM32G0xx_HAL_Driver/Src/stm32g0xx_hal_tim.o
 .text.TIM_TI1_ConfigInputStage
                0x0000000008003be4       0x22 ./Drivers/STM32G0xx_HAL_Driver/Src/stm32g0xx_hal_tim.o
 *fill*         0x0000000008003c06        0x2 
 .text.TIM_TI2_SetConfig
                0x0000000008003c08       0x38 ./Drivers/STM32G0xx_HAL_Driver/Src/stm32g0xx_hal_tim.o
 .text.TIM_TI2_ConfigInputStage
                0x0000000008003c40       0x28 ./Drivers/STM32G0xx_HAL_Driver/Src/stm32g0xx_hal_tim.o
 .text.TIM_TI3_SetConfig
                0x0000000008003c68       0x3c ./Drivers/STM32G0xx_HAL_Driver/Src/stm32g0xx_hal_tim.o
 .text.TIM_TI4_SetConfig
                0x0000000008003ca4       0x44 ./Drivers/STM32G0xx_HAL_Driver/Src/stm32g0xx_hal_tim.o
 .text.TIM_ITRx_SetConfig
                0x0000000008003ce8       0x14 ./Drivers/STM32G0xx_HAL_Driver/Src/stm32g0xx_hal_tim.o
 .text.HAL_TIM_Base_Stop
                0x0000000008003cfc       0x2c ./Drivers/STM32G0xx_HAL_Driver/Src/stm32g0xx_hal_tim.o
                0x0000000008003cfc                HAL_TIM_Base_Stop
 .text.HAL_TIM_Base_Start_IT
                0x0000000008003d28       0x68 ./Drivers/STM32G0xx_HAL_Driver/Src/stm32g0xx_hal_tim.o
                0x0000000008003d28                HAL_TIM_Base_Start_IT
 .text.HAL_TIM_PWM_MspInit
                0x0000000008003d90        0x2 ./Drivers/STM32G0xx_HAL_Driver/Src/stm32g0xx_hal_tim.o
                0x0000000008003d90                HAL_TIM_PWM_MspInit
 .text.HAL_TIM_IC_MspInit
                0x0000000008003d92        0x2 ./Drivers/STM32G0xx_HAL_Driver/Src/stm32g0xx_hal_tim.o
                0x0000000008003d92                HAL_TIM_IC_MspInit
 .text.HAL_TIM_OC_DelayElapsedCallback
                0x0000000008003d94        0x2 ./Drivers/STM32G0xx_HAL_Driver/Src/stm32g0xx_hal_tim.o
                0x0000000008003d94                HAL_TIM_OC_DelayElapsedCallback
 .text.TIM_DMACaptureCplt
                0x0000000008003d96       0x80 ./Drivers/STM32G0xx_HAL_Driver/Src/stm32g0xx_hal_tim.o
                0x0000000008003d96                TIM_DMACaptureCplt
 .text.TIM_DMACaptureHalfCplt
                0x0000000008003e16       0x3e ./Drivers/STM32G0xx_HAL_Driver/Src/stm32g0xx_hal_tim.o
                0x0000000008003e16                TIM_DMACaptureHalfCplt
 .text.HAL_TIM_PWM_PulseFinishedCallback
                0x0000000008003e54        0x2 ./Drivers/STM32G0xx_HAL_Driver/Src/stm32g0xx_hal_tim.o
                0x0000000008003e54                HAL_TIM_PWM_PulseFinishedCallback
 .text.HAL_TIM_TriggerCallback
                0x0000000008003e56        0x2 ./Drivers/STM32G0xx_HAL_Driver/Src/stm32g0xx_hal_tim.o
                0x0000000008003e56                HAL_TIM_TriggerCallback
 .text.HAL_TIM_IRQHandler
                0x0000000008003e58      0x178 ./Drivers/STM32G0xx_HAL_Driver/Src/stm32g0xx_hal_tim.o
                0x0000000008003e58                HAL_TIM_IRQHandler
 .text.HAL_TIM_ErrorCallback
                0x0000000008003fd0        0x2 ./Drivers/STM32G0xx_HAL_Driver/Src/stm32g0xx_hal_tim.o
                0x0000000008003fd0                HAL_TIM_ErrorCallback
 .text.TIM_DMAError
                0x0000000008003fd2       0x5c ./Drivers/STM32G0xx_HAL_Driver/Src/stm32g0xx_hal_tim.o
                0x0000000008003fd2                TIM_DMAError
 *fill*         0x000000000800402e        0x2 
 .text.TIM_Base_SetConfig
                0x0000000008004030       0x84 ./Drivers/STM32G0xx_HAL_Driver/Src/stm32g0xx_hal_tim.o
                0x0000000008004030                TIM_Base_SetConfig
 .text.HAL_TIM_Base_Init
                0x00000000080040b4       0x60 ./Drivers/STM32G0xx_HAL_Driver/Src/stm32g0xx_hal_tim.o
                0x00000000080040b4                HAL_TIM_Base_Init
 .text.HAL_TIM_PWM_Init
                0x0000000008004114       0x60 ./Drivers/STM32G0xx_HAL_Driver/Src/stm32g0xx_hal_tim.o
                0x0000000008004114                HAL_TIM_PWM_Init
 .text.HAL_TIM_IC_Init
                0x0000000008004174       0x60 ./Drivers/STM32G0xx_HAL_Driver/Src/stm32g0xx_hal_tim.o
                0x0000000008004174                HAL_TIM_IC_Init
 .text.TIM_OC2_SetConfig
                0x00000000080041d4       0x80 ./Drivers/STM32G0xx_HAL_Driver/Src/stm32g0xx_hal_tim.o
                0x00000000080041d4                TIM_OC2_SetConfig
 .text.HAL_TIM_PWM_ConfigChannel
                0x0000000008004254      0x144 ./Drivers/STM32G0xx_HAL_Driver/Src/stm32g0xx_hal_tim.o
                0x0000000008004254                HAL_TIM_PWM_ConfigChannel
 .text.TIM_TI1_SetConfig
                0x0000000008004398       0x4c ./Drivers/STM32G0xx_HAL_Driver/Src/stm32g0xx_hal_tim.o
                0x0000000008004398                TIM_TI1_SetConfig
 .text.HAL_TIM_IC_ConfigChannel
                0x00000000080043e4       0xcc ./Drivers/STM32G0xx_HAL_Driver/Src/stm32g0xx_hal_tim.o
                0x00000000080043e4                HAL_TIM_IC_ConfigChannel
 .text.TIM_ETR_SetConfig
                0x00000000080044b0       0x18 ./Drivers/STM32G0xx_HAL_Driver/Src/stm32g0xx_hal_tim.o
                0x00000000080044b0                TIM_ETR_SetConfig
 .text.HAL_TIM_ConfigClockSource
                0x00000000080044c8      0x108 ./Drivers/STM32G0xx_HAL_Driver/Src/stm32g0xx_hal_tim.o
                0x00000000080044c8                HAL_TIM_ConfigClockSource
 .text.TIM_SlaveTimer_SetConfig
                0x00000000080045d0       0xc4 ./Drivers/STM32G0xx_HAL_Driver/Src/stm32g0xx_hal_tim.o
 .text.HAL_TIM_SlaveConfigSynchro
                0x0000000008004694       0x5c ./Drivers/STM32G0xx_HAL_Driver/Src/stm32g0xx_hal_tim.o
                0x0000000008004694                HAL_TIM_SlaveConfigSynchro
 .text.TIM_CCxChannelCmd
                0x00000000080046f0       0x1a ./Drivers/STM32G0xx_HAL_Driver/Src/stm32g0xx_hal_tim.o
                0x00000000080046f0                TIM_CCxChannelCmd
 *fill*         0x000000000800470a        0x2 
 .text.HAL_TIM_PWM_Start
                0x000000000800470c      0x12c ./Drivers/STM32G0xx_HAL_Driver/Src/stm32g0xx_hal_tim.o
                0x000000000800470c                HAL_TIM_PWM_Start
 .text.HAL_TIM_PWM_Stop
                0x0000000008004838       0xb4 ./Drivers/STM32G0xx_HAL_Driver/Src/stm32g0xx_hal_tim.o
                0x0000000008004838                HAL_TIM_PWM_Stop
 .text.HAL_TIM_IC_Start_DMA
                0x00000000080048ec      0x268 ./Drivers/STM32G0xx_HAL_Driver/Src/stm32g0xx_hal_tim.o
                0x00000000080048ec                HAL_TIM_IC_Start_DMA
 .text.HAL_TIM_IC_Stop_DMA
                0x0000000008004b54      0x118 ./Drivers/STM32G0xx_HAL_Driver/Src/stm32g0xx_hal_tim.o
                0x0000000008004b54                HAL_TIM_IC_Stop_DMA
 .text.HAL_TIMEx_MasterConfigSynchronization
                0x0000000008004c6c       0x70 ./Drivers/STM32G0xx_HAL_Driver/Src/stm32g0xx_hal_tim_ex.o
                0x0000000008004c6c                HAL_TIMEx_MasterConfigSynchronization
 .text.HAL_TIMEx_ConfigBreakDeadTime
                0x0000000008004cdc       0xcc ./Drivers/STM32G0xx_HAL_Driver/Src/stm32g0xx_hal_tim_ex.o
                0x0000000008004cdc                HAL_TIMEx_ConfigBreakDeadTime
 .text.HAL_TIMEx_CommutCallback
                0x0000000008004da8        0x2 ./Drivers/STM32G0xx_HAL_Driver/Src/stm32g0xx_hal_tim_ex.o
                0x0000000008004da8                HAL_TIMEx_CommutCallback
 .text.HAL_TIMEx_BreakCallback
                0x0000000008004daa        0x2 ./Drivers/STM32G0xx_HAL_Driver/Src/stm32g0xx_hal_tim_ex.o
                0x0000000008004daa                HAL_TIMEx_BreakCallback
 .text.HAL_TIMEx_Break2Callback
                0x0000000008004dac        0x2 ./Drivers/STM32G0xx_HAL_Driver/Src/stm32g0xx_hal_tim_ex.o
                0x0000000008004dac                HAL_TIMEx_Break2Callback
 *fill*         0x0000000008004dae        0x2 
 .text.__libc_init_array
                0x0000000008004db0       0x48 c:/program files/stmicroelectronics/stm32cubeide_1.9.0/stm32cubeide/plugins/com.st.stm32cube.ide.mcu.externaltools.gnu-tools-for-stm32.10.3-2021.10.win32_1.0.0.202111181127/tools/bin/../lib/gcc/arm-none-eabi/10.3.1/../../../../arm-none-eabi/lib/thumb/v6-m/nofp\libc_nano.a(lib_a-init.o)
                0x0000000008004db0                __libc_init_array
 .text.memset   0x0000000008004df8       0x10 c:/program files/stmicroelectronics/stm32cubeide_1.9.0/stm32cubeide/plugins/com.st.stm32cube.ide.mcu.externaltools.gnu-tools-for-stm32.10.3-2021.10.win32_1.0.0.202111181127/tools/bin/../lib/gcc/arm-none-eabi/10.3.1/../../../../arm-none-eabi/lib/thumb/v6-m/nofp\libc_nano.a(lib_a-memset.o)
                0x0000000008004df8                memset
 *(.glue_7)
 .glue_7        0x0000000008004e08        0x0 linker stubs
 *(.glue_7t)
 .glue_7t       0x0000000008004e08        0x0 linker stubs
 *(.eh_frame)
 .eh_frame      0x0000000008004e08        0x0 c:/program files/stmicroelectronics/stm32cubeide_1.9.0/stm32cubeide/plugins/com.st.stm32cube.ide.mcu.externaltools.gnu-tools-for-stm32.10.3-2021.10.win32_1.0.0.202111181127/tools/bin/../lib/gcc/arm-none-eabi/10.3.1/thumb/v6-m/nofp/crtbegin.o
 *(.init)
 .init          0x0000000008004e08        0x4 c:/program files/stmicroelectronics/stm32cubeide_1.9.0/stm32cubeide/plugins/com.st.stm32cube.ide.mcu.externaltools.gnu-tools-for-stm32.10.3-2021.10.win32_1.0.0.202111181127/tools/bin/../lib/gcc/arm-none-eabi/10.3.1/thumb/v6-m/nofp/crti.o
                0x0000000008004e08                _init
 .init          0x0000000008004e0c        0x8 c:/program files/stmicroelectronics/stm32cubeide_1.9.0/stm32cubeide/plugins/com.st.stm32cube.ide.mcu.externaltools.gnu-tools-for-stm32.10.3-2021.10.win32_1.0.0.202111181127/tools/bin/../lib/gcc/arm-none-eabi/10.3.1/thumb/v6-m/nofp/crtn.o
 *(.fini)
 .fini          0x0000000008004e14        0x4 c:/program files/stmicroelectronics/stm32cubeide_1.9.0/stm32cubeide/plugins/com.st.stm32cube.ide.mcu.externaltools.gnu-tools-for-stm32.10.3-2021.10.win32_1.0.0.202111181127/tools/bin/../lib/gcc/arm-none-eabi/10.3.1/thumb/v6-m/nofp/crti.o
                0x0000000008004e14                _fini
 .fini          0x0000000008004e18        0x8 c:/program files/stmicroelectronics/stm32cubeide_1.9.0/stm32cubeide/plugins/com.st.stm32cube.ide.mcu.externaltools.gnu-tools-for-stm32.10.3-2021.10.win32_1.0.0.202111181127/tools/bin/../lib/gcc/arm-none-eabi/10.3.1/thumb/v6-m/nofp/crtn.o
                0x0000000008004e20                . = ALIGN (0x4)
                0x0000000008004e20                _etext = .

.vfp11_veneer   0x0000000008004e20        0x0
 .vfp11_veneer  0x0000000008004e20        0x0 linker stubs

.v4_bx          0x0000000008004e20        0x0
 .v4_bx         0x0000000008004e20        0x0 linker stubs

.iplt           0x0000000008004e20        0x0
 .iplt          0x0000000008004e20        0x0 c:/program files/stmicroelectronics/stm32cubeide_1.9.0/stm32cubeide/plugins/com.st.stm32cube.ide.mcu.externaltools.gnu-tools-for-stm32.10.3-2021.10.win32_1.0.0.202111181127/tools/bin/../lib/gcc/arm-none-eabi/10.3.1/thumb/v6-m/nofp/crtbegin.o

.rodata         0x0000000008004e20      0x198
                0x0000000008004e20                . = ALIGN (0x4)
 *(.rodata)
 .rodata        0x0000000008004e20       0x80 c:/program files/stmicroelectronics/stm32cubeide_1.9.0/stm32cubeide/plugins/com.st.stm32cube.ide.mcu.externaltools.gnu-tools-for-stm32.10.3-2021.10.win32_1.0.0.202111181127/tools/bin/../lib/gcc/arm-none-eabi/10.3.1/thumb/v6-m/nofp\libgcc.a(divsf3.o)
 *(.rodata*)
 .rodata.executeCmd
                0x0000000008004ea0       0x84 ./Core/Src/floppyctrl.o
 .rodata.AHBPrescTable
                0x0000000008004f24       0x40 ./Core/Src/system_stm32g0xx.o
                0x0000000008004f24                AHBPrescTable
 .rodata.HAL_TIM_PWM_ConfigChannel
                0x0000000008004f64       0x54 ./Drivers/STM32G0xx_HAL_Driver/Src/stm32g0xx_hal_tim.o
                0x0000000008004fb8                . = ALIGN (0x4)

.rel.dyn        0x0000000008004fb8        0x0
 .rel.iplt      0x0000000008004fb8        0x0 c:/program files/stmicroelectronics/stm32cubeide_1.9.0/stm32cubeide/plugins/com.st.stm32cube.ide.mcu.externaltools.gnu-tools-for-stm32.10.3-2021.10.win32_1.0.0.202111181127/tools/bin/../lib/gcc/arm-none-eabi/10.3.1/thumb/v6-m/nofp/crtbegin.o

.ARM.extab      0x0000000008004fb8        0x0
                0x0000000008004fb8                . = ALIGN (0x4)
 *(.ARM.extab* .gnu.linkonce.armextab.*)
                0x0000000008004fb8                . = ALIGN (0x4)

.ARM            0x0000000008004fb8        0x0
                0x0000000008004fb8                . = ALIGN (0x4)
                0x0000000008004fb8                __exidx_start = .
 *(.ARM.exidx*)
                0x0000000008004fb8                __exidx_end = .
                0x0000000008004fb8                . = ALIGN (0x4)

.preinit_array  0x0000000008004fb8        0x0
                0x0000000008004fb8                . = ALIGN (0x4)
                0x0000000008004fb8                PROVIDE (__preinit_array_start = .)
 *(.preinit_array*)
                0x0000000008004fb8                PROVIDE (__preinit_array_end = .)
                0x0000000008004fb8                . = ALIGN (0x4)

.init_array     0x0000000008004fb8        0x4
                0x0000000008004fb8                . = ALIGN (0x4)
                0x0000000008004fb8                PROVIDE (__init_array_start = .)
 *(SORT_BY_NAME(.init_array.*))
 *(.init_array*)
 .init_array    0x0000000008004fb8        0x4 c:/program files/stmicroelectronics/stm32cubeide_1.9.0/stm32cubeide/plugins/com.st.stm32cube.ide.mcu.externaltools.gnu-tools-for-stm32.10.3-2021.10.win32_1.0.0.202111181127/tools/bin/../lib/gcc/arm-none-eabi/10.3.1/thumb/v6-m/nofp/crtbegin.o
                0x0000000008004fbc                PROVIDE (__init_array_end = .)
                0x0000000008004fbc                . = ALIGN (0x4)

.fini_array     0x0000000008004fbc        0x4
                0x0000000008004fbc                . = ALIGN (0x4)
                [!provide]                        PROVIDE (__fini_array_start = .)
 *(SORT_BY_NAME(.fini_array.*))
 *(.fini_array*)
 .fini_array    0x0000000008004fbc        0x4 c:/program files/stmicroelectronics/stm32cubeide_1.9.0/stm32cubeide/plugins/com.st.stm32cube.ide.mcu.externaltools.gnu-tools-for-stm32.10.3-2021.10.win32_1.0.0.202111181127/tools/bin/../lib/gcc/arm-none-eabi/10.3.1/thumb/v6-m/nofp/crtbegin.o
                [!provide]                        PROVIDE (__fini_array_end = .)
                0x0000000008004fc0                . = ALIGN (0x4)
                0x0000000008004fc0                _sidata = LOADADDR (.data)

.data           0x0000000020000000       0x14 load address 0x0000000008004fc0
                0x0000000020000000                . = ALIGN (0x4)
                0x0000000020000000                _sdata = .
 *(.data)
 *(.data*)
 .data.state    0x0000000020000000        0x1 ./Core/Src/floppyctrl.o
                0x0000000020000000                state
 *fill*         0x0000000020000001        0x3 
 .data.stepnum  0x0000000020000004        0x4 ./Core/Src/floppyctrl.o
                0x0000000020000004                stepnum
 .data.SystemCoreClock
                0x0000000020000008        0x4 ./Core/Src/system_stm32g0xx.o
                0x0000000020000008                SystemCoreClock
 .data.uwTickFreq
                0x000000002000000c        0x1 ./Drivers/STM32G0xx_HAL_Driver/Src/stm32g0xx_hal.o
                0x000000002000000c                uwTickFreq
 *fill*         0x000000002000000d        0x3 
 .data.uwTickPrio
                0x0000000020000010        0x4 ./Drivers/STM32G0xx_HAL_Driver/Src/stm32g0xx_hal.o
                0x0000000020000010                uwTickPrio
 *(.RamFunc)
 *(.RamFunc*)
                0x0000000020000014                . = ALIGN (0x4)
                0x0000000020000014                _edata = .

.igot.plt       0x0000000020000014        0x0 load address 0x0000000008004fd4
 .igot.plt      0x0000000020000014        0x0 c:/program files/stmicroelectronics/stm32cubeide_1.9.0/stm32cubeide/plugins/com.st.stm32cube.ide.mcu.externaltools.gnu-tools-for-stm32.10.3-2021.10.win32_1.0.0.202111181127/tools/bin/../lib/gcc/arm-none-eabi/10.3.1/thumb/v6-m/nofp/crtbegin.o
                0x0000000020000014                . = ALIGN (0x4)

.bss            0x0000000020000014      0x870 load address 0x0000000008004fd4
                0x0000000020000014                _sbss = .
                0x0000000020000014                __bss_start__ = _sbss
 *(.bss)
 .bss           0x0000000020000014       0x1c c:/program files/stmicroelectronics/stm32cubeide_1.9.0/stm32cubeide/plugins/com.st.stm32cube.ide.mcu.externaltools.gnu-tools-for-stm32.10.3-2021.10.win32_1.0.0.202111181127/tools/bin/../lib/gcc/arm-none-eabi/10.3.1/thumb/v6-m/nofp/crtbegin.o
 *(.bss*)
 .bss.currentSector
                0x0000000020000030        0x1 ./Core/Src/fdd_data.o
                0x0000000020000030                currentSector
 *fill*         0x0000000020000031        0x3 
 .bss.currentSectorBit
                0x0000000020000034        0x4 ./Core/Src/fdd_data.o
                0x0000000020000034                currentSectorBit
 .bss.decodeBufferOffset
                0x0000000020000038        0x4 ./Core/Src/fdd_data.o
                0x0000000020000038                decodeBufferOffset
 .bss.fddDataReadBuffer
                0x000000002000003c      0x100 ./Core/Src/fdd_data.o
                0x000000002000003c                fddDataReadBuffer
 .bss.fddDataState
                0x000000002000013c        0x1 ./Core/Src/fdd_data.o
                0x000000002000013c                fddDataState
 *fill*         0x000000002000013d        0x3 
 .bss.fddDecodedSector
                0x0000000020000140      0x402 ./Core/Src/fdd_data.o
                0x0000000020000140                fddDecodedSector
 .bss.indexHit  0x0000000020000542        0x1 ./Core/Src/fdd_data.o
                0x0000000020000542                indexHit
 *fill*         0x0000000020000543        0x1 
 .bss.indexPeriod
                0x0000000020000544        0x4 ./Core/Src/fdd_data.o
                0x0000000020000544                indexPeriod
 .bss.indexcount
                0x0000000020000548        0x4 ./Core/Src/fdd_data.o
                0x0000000020000548                indexcount
 .bss.lastDataTime
                0x000000002000054c        0x4 ./Core/Src/fdd_data.o
                0x000000002000054c                lastDataTime
 .bss.lastIndexTime
                0x0000000020000550        0x2 ./Core/Src/fdd_data.o
                0x0000000020000550                lastIndexTime
 .bss.readStatus
                0x0000000020000552        0x1 ./Core/Src/fdd_data.o
                0x0000000020000552                readStatus
 .bss.writingData
                0x0000000020000553        0x1 ./Core/Src/fdd_data.o
                0x0000000020000553                writingData
 .bss.address   0x0000000020000554        0x1 ./Core/Src/floppyctrl.o
                0x0000000020000554                address
 *fill*         0x0000000020000555        0x3 
 .bss.masterclockfreq
                0x0000000020000558        0x4 ./Core/Src/floppyctrl.o
                0x0000000020000558                masterclockfreq
 .bss.nextcmd   0x000000002000055c        0x6 ./Core/Src/floppyctrl.o
                0x000000002000055c                nextcmd
 *fill*         0x0000000020000562        0x2 
 .bss.replycmd  0x0000000020000564        0x6 ./Core/Src/floppyctrl.o
                0x0000000020000564                replycmd
 .bss.resetCountOnTrk0
                0x000000002000056a        0x1 ./Core/Src/floppyctrl.o
                0x000000002000056a                resetCountOnTrk0
 *fill*         0x000000002000056b        0x1 
 .bss.rxbuf     0x000000002000056c        0x7 ./Core/Src/floppyctrl.o
                0x000000002000056c                rxbuf
 *fill*         0x0000000020000573        0x1 
 .bss.spiErrors
                0x0000000020000574        0x4 ./Core/Src/floppyctrl.o
                0x0000000020000574                spiErrors
 .bss.stepState
                0x0000000020000578        0x1 ./Core/Src/floppyctrl.o
                0x0000000020000578                stepState
 .bss.track0_fired
                0x0000000020000579        0x1 ./Core/Src/floppyctrl.o
                0x0000000020000579                track0_fired
 *fill*         0x000000002000057a        0x2 
 .bss.hdma_memtomem_dma1_channel4
                0x000000002000057c       0x5c ./Core/Src/main.o
                0x000000002000057c                hdma_memtomem_dma1_channel4
 .bss.hdma_spi1_rx
                0x00000000200005d8       0x5c ./Core/Src/main.o
                0x00000000200005d8                hdma_spi1_rx
 .bss.hdma_spi1_tx
                0x0000000020000634       0x5c ./Core/Src/main.o
                0x0000000020000634                hdma_spi1_tx
 .bss.hdma_tim17_ch1
                0x0000000020000690       0x5c ./Core/Src/main.o
                0x0000000020000690                hdma_tim17_ch1
 .bss.hspi1     0x00000000200006ec       0x64 ./Core/Src/main.o
                0x00000000200006ec                hspi1
 .bss.htim1     0x0000000020000750       0x4c ./Core/Src/main.o
                0x0000000020000750                htim1
 .bss.htim14    0x000000002000079c       0x4c ./Core/Src/main.o
                0x000000002000079c                htim14
 .bss.htim17    0x00000000200007e8       0x4c ./Core/Src/main.o
                0x00000000200007e8                htim17
 .bss.htim3     0x0000000020000834       0x4c ./Core/Src/main.o
                0x0000000020000834                htim3
 .bss.uwTick    0x0000000020000880        0x4 ./Drivers/STM32G0xx_HAL_Driver/Src/stm32g0xx_hal.o
                0x0000000020000880                uwTick
 *(COMMON)
                0x0000000020000884                . = ALIGN (0x4)
                0x0000000020000884                _ebss = .
                0x0000000020000884                __bss_end__ = _ebss

._user_heap_stack
                0x0000000020000884      0x604 load address 0x0000000008004fd4
                0x0000000020000888                . = ALIGN (0x8)
 *fill*         0x0000000020000884        0x4 
                [!provide]                        PROVIDE (end = .)
                0x0000000020000888                PROVIDE (_end = .)
                0x0000000020000a88                . = (. + _Min_Heap_Size)
 *fill*         0x0000000020000888      0x200 
                0x0000000020000e88                . = (. + _Min_Stack_Size)
 *fill*         0x0000000020000a88      0x400 
                0x0000000020000e88                . = ALIGN (0x8)

/DISCARD/
 libc.a(*)
 libm.a(*)
 libgcc.a(*)

.ARM.attributes
                0x0000000000000000       0x28
 *(.ARM.attributes)
 .ARM.attributes
                0x0000000000000000       0x1e c:/program files/stmicroelectronics/stm32cubeide_1.9.0/stm32cubeide/plugins/com.st.stm32cube.ide.mcu.externaltools.gnu-tools-for-stm32.10.3-2021.10.win32_1.0.0.202111181127/tools/bin/../lib/gcc/arm-none-eabi/10.3.1/thumb/v6-m/nofp/crti.o
 .ARM.attributes
                0x000000000000001e       0x2c c:/program files/stmicroelectronics/stm32cubeide_1.9.0/stm32cubeide/plugins/com.st.stm32cube.ide.mcu.externaltools.gnu-tools-for-stm32.10.3-2021.10.win32_1.0.0.202111181127/tools/bin/../lib/gcc/arm-none-eabi/10.3.1/thumb/v6-m/nofp/crtbegin.o
 .ARM.attributes
                0x000000000000004a       0x2c ./Core/Src/fdd_data.o
 .ARM.attributes
                0x0000000000000076       0x2c ./Core/Src/floppyctrl.o
 .ARM.attributes
                0x00000000000000a2       0x2c ./Core/Src/helpers.o
 .ARM.attributes
                0x00000000000000ce       0x2c ./Core/Src/main.o
 .ARM.attributes
                0x00000000000000fa       0x2c ./Core/Src/stm32g0xx_hal_msp.o
 .ARM.attributes
                0x0000000000000126       0x2c ./Core/Src/stm32g0xx_it.o
 .ARM.attributes
                0x0000000000000152       0x2c ./Core/Src/system_stm32g0xx.o
 .ARM.attributes
                0x000000000000017e       0x22 ./Core/Startup/startup_stm32g030f6px.o
 .ARM.attributes
                0x00000000000001a0       0x2c ./Drivers/STM32G0xx_HAL_Driver/Src/stm32g0xx_hal.o
 .ARM.attributes
                0x00000000000001cc       0x2c ./Drivers/STM32G0xx_HAL_Driver/Src/stm32g0xx_hal_cortex.o
 .ARM.attributes
                0x00000000000001f8       0x2c ./Drivers/STM32G0xx_HAL_Driver/Src/stm32g0xx_hal_dma.o
 .ARM.attributes
                0x0000000000000224       0x2c ./Drivers/STM32G0xx_HAL_Driver/Src/stm32g0xx_hal_gpio.o
 .ARM.attributes
                0x0000000000000250       0x2c ./Drivers/STM32G0xx_HAL_Driver/Src/stm32g0xx_hal_pwr_ex.o
 .ARM.attributes
                0x000000000000027c       0x2c ./Drivers/STM32G0xx_HAL_Driver/Src/stm32g0xx_hal_rcc.o
 .ARM.attributes
                0x00000000000002a8       0x2c ./Drivers/STM32G0xx_HAL_Driver/Src/stm32g0xx_hal_spi.o
 .ARM.attributes
                0x00000000000002d4       0x2c ./Drivers/STM32G0xx_HAL_Driver/Src/stm32g0xx_hal_tim.o
 .ARM.attributes
                0x0000000000000300       0x2c ./Drivers/STM32G0xx_HAL_Driver/Src/stm32g0xx_hal_tim_ex.o
 .ARM.attributes
                0x000000000000032c       0x2c c:/program files/stmicroelectronics/stm32cubeide_1.9.0/stm32cubeide/plugins/com.st.stm32cube.ide.mcu.externaltools.gnu-tools-for-stm32.10.3-2021.10.win32_1.0.0.202111181127/tools/bin/../lib/gcc/arm-none-eabi/10.3.1/../../../../arm-none-eabi/lib/thumb/v6-m/nofp\libc_nano.a(lib_a-init.o)
 .ARM.attributes
                0x0000000000000358       0x2c c:/program files/stmicroelectronics/stm32cubeide_1.9.0/stm32cubeide/plugins/com.st.stm32cube.ide.mcu.externaltools.gnu-tools-for-stm32.10.3-2021.10.win32_1.0.0.202111181127/tools/bin/../lib/gcc/arm-none-eabi/10.3.1/../../../../arm-none-eabi/lib/thumb/v6-m/nofp\libc_nano.a(lib_a-memset.o)
 .ARM.attributes
                0x0000000000000384       0x1e c:/program files/stmicroelectronics/stm32cubeide_1.9.0/stm32cubeide/plugins/com.st.stm32cube.ide.mcu.externaltools.gnu-tools-for-stm32.10.3-2021.10.win32_1.0.0.202111181127/tools/bin/../lib/gcc/arm-none-eabi/10.3.1/thumb/v6-m/nofp\libgcc.a(_udivsi3.o)
 .ARM.attributes
                0x00000000000003a2       0x1e c:/program files/stmicroelectronics/stm32cubeide_1.9.0/stm32cubeide/plugins/com.st.stm32cube.ide.mcu.externaltools.gnu-tools-for-stm32.10.3-2021.10.win32_1.0.0.202111181127/tools/bin/../lib/gcc/arm-none-eabi/10.3.1/thumb/v6-m/nofp\libgcc.a(_dvmd_tls.o)
 .ARM.attributes
                0x00000000000003c0       0x1e c:/program files/stmicroelectronics/stm32cubeide_1.9.0/stm32cubeide/plugins/com.st.stm32cube.ide.mcu.externaltools.gnu-tools-for-stm32.10.3-2021.10.win32_1.0.0.202111181127/tools/bin/../lib/gcc/arm-none-eabi/10.3.1/thumb/v6-m/nofp\libgcc.a(_arm_cmpsf2.o)
 .ARM.attributes
                0x00000000000003de       0x2c c:/program files/stmicroelectronics/stm32cubeide_1.9.0/stm32cubeide/plugins/com.st.stm32cube.ide.mcu.externaltools.gnu-tools-for-stm32.10.3-2021.10.win32_1.0.0.202111181127/tools/bin/../lib/gcc/arm-none-eabi/10.3.1/thumb/v6-m/nofp\libgcc.a(_fixunssfsi.o)
 .ARM.attributes
                0x000000000000040a       0x2c c:/program files/stmicroelectronics/stm32cubeide_1.9.0/stm32cubeide/plugins/com.st.stm32cube.ide.mcu.externaltools.gnu-tools-for-stm32.10.3-2021.10.win32_1.0.0.202111181127/tools/bin/../lib/gcc/arm-none-eabi/10.3.1/thumb/v6-m/nofp\libgcc.a(divsf3.o)
 .ARM.attributes
                0x0000000000000436       0x2c c:/program files/stmicroelectronics/stm32cubeide_1.9.0/stm32cubeide/plugins/com.st.stm32cube.ide.mcu.externaltools.gnu-tools-for-stm32.10.3-2021.10.win32_1.0.0.202111181127/tools/bin/../lib/gcc/arm-none-eabi/10.3.1/thumb/v6-m/nofp\libgcc.a(eqsf2.o)
 .ARM.attributes
                0x0000000000000462       0x2c c:/program files/stmicroelectronics/stm32cubeide_1.9.0/stm32cubeide/plugins/com.st.stm32cube.ide.mcu.externaltools.gnu-tools-for-stm32.10.3-2021.10.win32_1.0.0.202111181127/tools/bin/../lib/gcc/arm-none-eabi/10.3.1/thumb/v6-m/nofp\libgcc.a(gesf2.o)
 .ARM.attributes
                0x000000000000048e       0x2c c:/program files/stmicroelectronics/stm32cubeide_1.9.0/stm32cubeide/plugins/com.st.stm32cube.ide.mcu.externaltools.gnu-tools-for-stm32.10.3-2021.10.win32_1.0.0.202111181127/tools/bin/../lib/gcc/arm-none-eabi/10.3.1/thumb/v6-m/nofp\libgcc.a(lesf2.o)
 .ARM.attributes
                0x00000000000004ba       0x2c c:/program files/stmicroelectronics/stm32cubeide_1.9.0/stm32cubeide/plugins/com.st.stm32cube.ide.mcu.externaltools.gnu-tools-for-stm32.10.3-2021.10.win32_1.0.0.202111181127/tools/bin/../lib/gcc/arm-none-eabi/10.3.1/thumb/v6-m/nofp\libgcc.a(subsf3.o)
 .ARM.attributes
                0x00000000000004e6       0x2c c:/program files/stmicroelectronics/stm32cubeide_1.9.0/stm32cubeide/plugins/com.st.stm32cube.ide.mcu.externaltools.gnu-tools-for-stm32.10.3-2021.10.win32_1.0.0.202111181127/tools/bin/../lib/gcc/arm-none-eabi/10.3.1/thumb/v6-m/nofp\libgcc.a(fixsfsi.o)
 .ARM.attributes
                0x0000000000000512       0x2c c:/program files/stmicroelectronics/stm32cubeide_1.9.0/stm32cubeide/plugins/com.st.stm32cube.ide.mcu.externaltools.gnu-tools-for-stm32.10.3-2021.10.win32_1.0.0.202111181127/tools/bin/../lib/gcc/arm-none-eabi/10.3.1/thumb/v6-m/nofp\libgcc.a(floatunsisf.o)
 .ARM.attributes
                0x000000000000053e       0x1e c:/program files/stmicroelectronics/stm32cubeide_1.9.0/stm32cubeide/plugins/com.st.stm32cube.ide.mcu.externaltools.gnu-tools-for-stm32.10.3-2021.10.win32_1.0.0.202111181127/tools/bin/../lib/gcc/arm-none-eabi/10.3.1/thumb/v6-m/nofp\libgcc.a(_clzsi2.o)
 .ARM.attributes
                0x000000000000055c       0x1e c:/program files/stmicroelectronics/stm32cubeide_1.9.0/stm32cubeide/plugins/com.st.stm32cube.ide.mcu.externaltools.gnu-tools-for-stm32.10.3-2021.10.win32_1.0.0.202111181127/tools/bin/../lib/gcc/arm-none-eabi/10.3.1/thumb/v6-m/nofp/crtn.o
OUTPUT(floppycontrol.elf elf32-littlearm)
LOAD linker stubs
LOAD c:/program files/stmicroelectronics/stm32cubeide_1.9.0/stm32cubeide/plugins/com.st.stm32cube.ide.mcu.externaltools.gnu-tools-for-stm32.10.3-2021.10.win32_1.0.0.202111181127/tools/bin/../lib/gcc/arm-none-eabi/10.3.1/../../../../arm-none-eabi/lib/thumb/v6-m/nofp\libc.a
LOAD c:/program files/stmicroelectronics/stm32cubeide_1.9.0/stm32cubeide/plugins/com.st.stm32cube.ide.mcu.externaltools.gnu-tools-for-stm32.10.3-2021.10.win32_1.0.0.202111181127/tools/bin/../lib/gcc/arm-none-eabi/10.3.1/../../../../arm-none-eabi/lib/thumb/v6-m/nofp\libm.a
LOAD c:/program files/stmicroelectronics/stm32cubeide_1.9.0/stm32cubeide/plugins/com.st.stm32cube.ide.mcu.externaltools.gnu-tools-for-stm32.10.3-2021.10.win32_1.0.0.202111181127/tools/bin/../lib/gcc/arm-none-eabi/10.3.1/thumb/v6-m/nofp\libgcc.a

.debug_info     0x0000000000000000    0x12e2b
 .debug_info    0x0000000000000000     0x1080 ./Core/Src/fdd_data.o
 .debug_info    0x0000000000001080     0x1ca6 ./Core/Src/floppyctrl.o
 .debug_info    0x0000000000002d26      0x126 ./Core/Src/helpers.o
 .debug_info    0x0000000000002e4c     0x1d71 ./Core/Src/main.o
 .debug_info    0x0000000000004bbd     0x13dc ./Core/Src/stm32g0xx_hal_msp.o
 .debug_info    0x0000000000005f99      0xc3f ./Core/Src/stm32g0xx_it.o
 .debug_info    0x0000000000006bd8      0x38f ./Core/Src/system_stm32g0xx.o
 .debug_info    0x0000000000006f67       0x22 ./Core/Startup/startup_stm32g030f6px.o
 .debug_info    0x0000000000006f89      0x9f9 ./Drivers/STM32G0xx_HAL_Driver/Src/stm32g0xx_hal.o
 .debug_info    0x0000000000007982      0xa35 ./Drivers/STM32G0xx_HAL_Driver/Src/stm32g0xx_hal_cortex.o
 .debug_info    0x00000000000083b7      0xa56 ./Drivers/STM32G0xx_HAL_Driver/Src/stm32g0xx_hal_dma.o
 .debug_info    0x0000000000008e0d      0x631 ./Drivers/STM32G0xx_HAL_Driver/Src/stm32g0xx_hal_gpio.o
 .debug_info    0x000000000000943e      0x55a ./Drivers/STM32G0xx_HAL_Driver/Src/stm32g0xx_hal_pwr_ex.o
 .debug_info    0x0000000000009998      0xd57 ./Drivers/STM32G0xx_HAL_Driver/Src/stm32g0xx_hal_rcc.o
 .debug_info    0x000000000000a6ef     0x26e8 ./Drivers/STM32G0xx_HAL_Driver/Src/stm32g0xx_hal_spi.o
 .debug_info    0x000000000000cdd7     0x403d ./Drivers/STM32G0xx_HAL_Driver/Src/stm32g0xx_hal_tim.o
 .debug_info    0x0000000000010e14     0x2017 ./Drivers/STM32G0xx_HAL_Driver/Src/stm32g0xx_hal_tim_ex.o

.debug_abbrev   0x0000000000000000     0x270b
 .debug_abbrev  0x0000000000000000      0x31c ./Core/Src/fdd_data.o
 .debug_abbrev  0x000000000000031c      0x446 ./Core/Src/floppyctrl.o
 .debug_abbrev  0x0000000000000762       0xd7 ./Core/Src/helpers.o
 .debug_abbrev  0x0000000000000839      0x308 ./Core/Src/main.o
 .debug_abbrev  0x0000000000000b41      0x293 ./Core/Src/stm32g0xx_hal_msp.o
 .debug_abbrev  0x0000000000000dd4      0x1de ./Core/Src/stm32g0xx_it.o
 .debug_abbrev  0x0000000000000fb2      0x145 ./Core/Src/system_stm32g0xx.o
 .debug_abbrev  0x00000000000010f7       0x12 ./Core/Startup/startup_stm32g030f6px.o
 .debug_abbrev  0x0000000000001109      0x2bf ./Drivers/STM32G0xx_HAL_Driver/Src/stm32g0xx_hal.o
 .debug_abbrev  0x00000000000013c8      0x2b2 ./Drivers/STM32G0xx_HAL_Driver/Src/stm32g0xx_hal_cortex.o
 .debug_abbrev  0x000000000000167a      0x20f ./Drivers/STM32G0xx_HAL_Driver/Src/stm32g0xx_hal_dma.o
 .debug_abbrev  0x0000000000001889      0x200 ./Drivers/STM32G0xx_HAL_Driver/Src/stm32g0xx_hal_gpio.o
 .debug_abbrev  0x0000000000001a89      0x1fb ./Drivers/STM32G0xx_HAL_Driver/Src/stm32g0xx_hal_pwr_ex.o
 .debug_abbrev  0x0000000000001c84      0x2d2 ./Drivers/STM32G0xx_HAL_Driver/Src/stm32g0xx_hal_rcc.o
 .debug_abbrev  0x0000000000001f56      0x28e ./Drivers/STM32G0xx_HAL_Driver/Src/stm32g0xx_hal_spi.o
 .debug_abbrev  0x00000000000021e4      0x28c ./Drivers/STM32G0xx_HAL_Driver/Src/stm32g0xx_hal_tim.o
 .debug_abbrev  0x0000000000002470      0x29b ./Drivers/STM32G0xx_HAL_Driver/Src/stm32g0xx_hal_tim_ex.o

.debug_loc      0x0000000000000000     0xcc74
 .debug_loc     0x0000000000000000      0x2cb ./Core/Src/fdd_data.o
 .debug_loc     0x00000000000002cb      0x5bb ./Core/Src/floppyctrl.o
 .debug_loc     0x0000000000000886       0x72 ./Core/Src/helpers.o
 .debug_loc     0x00000000000008f8      0x16f ./Core/Src/stm32g0xx_hal_msp.o
 .debug_loc     0x0000000000000a67       0xa9 ./Core/Src/system_stm32g0xx.o
 .debug_loc     0x0000000000000b10      0x1bd ./Drivers/STM32G0xx_HAL_Driver/Src/stm32g0xx_hal.o
 .debug_loc     0x0000000000000ccd      0x458 ./Drivers/STM32G0xx_HAL_Driver/Src/stm32g0xx_hal_cortex.o
 .debug_loc     0x0000000000001125      0x93e ./Drivers/STM32G0xx_HAL_Driver/Src/stm32g0xx_hal_dma.o
 .debug_loc     0x0000000000001a63      0x3a7 ./Drivers/STM32G0xx_HAL_Driver/Src/stm32g0xx_hal_gpio.o
 .debug_loc     0x0000000000001e0a      0x2e0 ./Drivers/STM32G0xx_HAL_Driver/Src/stm32g0xx_hal_pwr_ex.o
 .debug_loc     0x00000000000020ea      0x717 ./Drivers/STM32G0xx_HAL_Driver/Src/stm32g0xx_hal_rcc.o
 .debug_loc     0x0000000000002801     0x2277 ./Drivers/STM32G0xx_HAL_Driver/Src/stm32g0xx_hal_spi.o
 .debug_loc     0x0000000000004a78     0x5880 ./Drivers/STM32G0xx_HAL_Driver/Src/stm32g0xx_hal_tim.o
 .debug_loc     0x000000000000a2f8     0x297c ./Drivers/STM32G0xx_HAL_Driver/Src/stm32g0xx_hal_tim_ex.o

.debug_aranges  0x0000000000000000      0xe08
 .debug_aranges
                0x0000000000000000       0x78 ./Core/Src/fdd_data.o
 .debug_aranges
                0x0000000000000078       0xe8 ./Core/Src/floppyctrl.o
 .debug_aranges
                0x0000000000000160       0x20 ./Core/Src/helpers.o
 .debug_aranges
                0x0000000000000180       0x68 ./Core/Src/main.o
 .debug_aranges
                0x00000000000001e8       0x48 ./Core/Src/stm32g0xx_hal_msp.o
 .debug_aranges
                0x0000000000000230       0x68 ./Core/Src/stm32g0xx_it.o
 .debug_aranges
                0x0000000000000298       0x28 ./Core/Src/system_stm32g0xx.o
 .debug_aranges
                0x00000000000002c0       0x28 ./Core/Startup/startup_stm32g030f6px.o
 .debug_aranges
                0x00000000000002e8      0x100 ./Drivers/STM32G0xx_HAL_Driver/Src/stm32g0xx_hal.o
 .debug_aranges
                0x00000000000003e8       0x90 ./Drivers/STM32G0xx_HAL_Driver/Src/stm32g0xx_hal_cortex.o
 .debug_aranges
                0x0000000000000478       0x90 ./Drivers/STM32G0xx_HAL_Driver/Src/stm32g0xx_hal_dma.o
 .debug_aranges
                0x0000000000000508       0x60 ./Drivers/STM32G0xx_HAL_Driver/Src/stm32g0xx_hal_gpio.o
 .debug_aranges
                0x0000000000000568       0x98 ./Drivers/STM32G0xx_HAL_Driver/Src/stm32g0xx_hal_pwr_ex.o
 .debug_aranges
                0x0000000000000600       0x98 ./Drivers/STM32G0xx_HAL_Driver/Src/stm32g0xx_hal_rcc.o
 .debug_aranges
                0x0000000000000698      0x1f8 ./Drivers/STM32G0xx_HAL_Driver/Src/stm32g0xx_hal_spi.o
 .debug_aranges
                0x0000000000000890      0x3e0 ./Drivers/STM32G0xx_HAL_Driver/Src/stm32g0xx_hal_tim.o
 .debug_aranges
                0x0000000000000c70      0x198 ./Drivers/STM32G0xx_HAL_Driver/Src/stm32g0xx_hal_tim_ex.o

.debug_ranges   0x0000000000000000      0xdd0
 .debug_ranges  0x0000000000000000       0xa0 ./Core/Src/fdd_data.o
 .debug_ranges  0x00000000000000a0       0xf0 ./Core/Src/floppyctrl.o
 .debug_ranges  0x0000000000000190       0x10 ./Core/Src/helpers.o
 .debug_ranges  0x00000000000001a0       0x58 ./Core/Src/main.o
 .debug_ranges  0x00000000000001f8       0x38 ./Core/Src/stm32g0xx_hal_msp.o
 .debug_ranges  0x0000000000000230       0x58 ./Core/Src/stm32g0xx_it.o
 .debug_ranges  0x0000000000000288       0x18 ./Core/Src/system_stm32g0xx.o
 .debug_ranges  0x00000000000002a0       0x20 ./Core/Startup/startup_stm32g030f6px.o
 .debug_ranges  0x00000000000002c0       0xf0 ./Drivers/STM32G0xx_HAL_Driver/Src/stm32g0xx_hal.o
 .debug_ranges  0x00000000000003b0       0xe0 ./Drivers/STM32G0xx_HAL_Driver/Src/stm32g0xx_hal_cortex.o
 .debug_ranges  0x0000000000000490       0x80 ./Drivers/STM32G0xx_HAL_Driver/Src/stm32g0xx_hal_dma.o
 .debug_ranges  0x0000000000000510       0x50 ./Drivers/STM32G0xx_HAL_Driver/Src/stm32g0xx_hal_gpio.o
 .debug_ranges  0x0000000000000560       0x88 ./Drivers/STM32G0xx_HAL_Driver/Src/stm32g0xx_hal_pwr_ex.o
 .debug_ranges  0x00000000000005e8       0xa8 ./Drivers/STM32G0xx_HAL_Driver/Src/stm32g0xx_hal_rcc.o
 .debug_ranges  0x0000000000000690      0x1e8 ./Drivers/STM32G0xx_HAL_Driver/Src/stm32g0xx_hal_spi.o
 .debug_ranges  0x0000000000000878      0x3d0 ./Drivers/STM32G0xx_HAL_Driver/Src/stm32g0xx_hal_tim.o
 .debug_ranges  0x0000000000000c48      0x188 ./Drivers/STM32G0xx_HAL_Driver/Src/stm32g0xx_hal_tim_ex.o

.debug_macro    0x0000000000000000    0x15606
 .debug_macro   0x0000000000000000      0x312 ./Core/Src/fdd_data.o
 .debug_macro   0x0000000000000312      0xa4e ./Core/Src/fdd_data.o
 .debug_macro   0x0000000000000d60      0x11d ./Core/Src/fdd_data.o
 .debug_macro   0x0000000000000e7d       0x2e ./Core/Src/fdd_data.o
 .debug_macro   0x0000000000000eab       0x28 ./Core/Src/fdd_data.o
 .debug_macro   0x0000000000000ed3       0x22 ./Core/Src/fdd_data.o
 .debug_macro   0x0000000000000ef5       0x8e ./Core/Src/fdd_data.o
 .debug_macro   0x0000000000000f83       0x51 ./Core/Src/fdd_data.o
 .debug_macro   0x0000000000000fd4      0x103 ./Core/Src/fdd_data.o
 .debug_macro   0x00000000000010d7       0x6a ./Core/Src/fdd_data.o
 .debug_macro   0x0000000000001141      0x1df ./Core/Src/fdd_data.o
 .debug_macro   0x0000000000001320       0x1c ./Core/Src/fdd_data.o
 .debug_macro   0x000000000000133c       0x22 ./Core/Src/fdd_data.o
 .debug_macro   0x000000000000135e       0xd1 ./Core/Src/fdd_data.o
 .debug_macro   0x000000000000142f      0x4da ./Core/Src/fdd_data.o
 .debug_macro   0x0000000000001909      0x11f ./Core/Src/fdd_data.o
 .debug_macro   0x0000000000001a28     0xa0c5 ./Core/Src/fdd_data.o
 .debug_macro   0x000000000000baed       0x66 ./Core/Src/fdd_data.o
 .debug_macro   0x000000000000bb53     0x34fd ./Core/Src/fdd_data.o
 .debug_macro   0x000000000000f050      0x174 ./Core/Src/fdd_data.o
 .debug_macro   0x000000000000f1c4       0x5c ./Core/Src/fdd_data.o
 .debug_macro   0x000000000000f220      0x485 ./Core/Src/fdd_data.o
 .debug_macro   0x000000000000f6a5      0xdcd ./Core/Src/fdd_data.o
 .debug_macro   0x0000000000010472      0x106 ./Core/Src/fdd_data.o
 .debug_macro   0x0000000000010578      0x1cf ./Core/Src/fdd_data.o
 .debug_macro   0x0000000000010747       0xff ./Core/Src/fdd_data.o
 .debug_macro   0x0000000000010846      0x33c ./Core/Src/fdd_data.o
 .debug_macro   0x0000000000010b82      0x202 ./Core/Src/fdd_data.o
 .debug_macro   0x0000000000010d84      0x2c7 ./Core/Src/fdd_data.o
 .debug_macro   0x000000000001104b      0x198 ./Core/Src/fdd_data.o
 .debug_macro   0x00000000000111e3       0x43 ./Core/Src/fdd_data.o
 .debug_macro   0x0000000000011226      0x1f1 ./Core/Src/fdd_data.o
 .debug_macro   0x0000000000011417      0x1d6 ./Core/Src/fdd_data.o
 .debug_macro   0x00000000000115ed      0x2a3 ./Core/Src/fdd_data.o
 .debug_macro   0x0000000000011890       0x28 ./Core/Src/fdd_data.o
 .debug_macro   0x00000000000118b8       0xcf ./Core/Src/fdd_data.o
 .debug_macro   0x0000000000011987       0xff ./Core/Src/fdd_data.o
 .debug_macro   0x0000000000011a86      0x10d ./Core/Src/fdd_data.o
 .debug_macro   0x0000000000011b93      0x2fe ./Core/Src/fdd_data.o
 .debug_macro   0x0000000000011e91      0xabb ./Core/Src/fdd_data.o
 .debug_macro   0x000000000001294c       0xfa ./Core/Src/fdd_data.o
 .debug_macro   0x0000000000012a46      0x412 ./Core/Src/fdd_data.o
 .debug_macro   0x0000000000012e58       0xac ./Core/Src/fdd_data.o
 .debug_macro   0x0000000000012f04       0x5e ./Core/Src/fdd_data.o
 .debug_macro   0x0000000000012f62       0x6a ./Core/Src/fdd_data.o
 .debug_macro   0x0000000000012fcc       0x22 ./Core/Src/fdd_data.o
 .debug_macro   0x0000000000012fee       0x18 ./Core/Src/fdd_data.o
 .debug_macro   0x0000000000013006       0x52 ./Core/Src/fdd_data.o
 .debug_macro   0x0000000000013058       0x3c ./Core/Src/fdd_data.o
 .debug_macro   0x0000000000013094       0x34 ./Core/Src/fdd_data.o
 .debug_macro   0x00000000000130c8       0x16 ./Core/Src/fdd_data.o
 .debug_macro   0x00000000000130de       0x35 ./Core/Src/fdd_data.o
 .debug_macro   0x0000000000013113       0x16 ./Core/Src/fdd_data.o
 .debug_macro   0x0000000000013129       0x43 ./Core/Src/fdd_data.o
 .debug_macro   0x000000000001316c       0x34 ./Core/Src/fdd_data.o
 .debug_macro   0x00000000000131a0       0x10 ./Core/Src/fdd_data.o
 .debug_macro   0x00000000000131b0       0x58 ./Core/Src/fdd_data.o
 .debug_macro   0x0000000000013208       0x71 ./Core/Src/fdd_data.o
 .debug_macro   0x0000000000013279       0x1c ./Core/Src/fdd_data.o
 .debug_macro   0x0000000000013295      0x12a ./Core/Src/fdd_data.o
 .debug_macro   0x00000000000133bf      0x341 ./Core/Src/fdd_data.o
 .debug_macro   0x0000000000013700       0x16 ./Core/Src/fdd_data.o
 .debug_macro   0x0000000000013716       0x29 ./Core/Src/fdd_data.o
 .debug_macro   0x000000000001373f       0x16 ./Core/Src/fdd_data.o
 .debug_macro   0x0000000000013755       0x20 ./Core/Src/fdd_data.o
 .debug_macro   0x0000000000013775      0x2e8 ./Core/Src/floppyctrl.o
 .debug_macro   0x0000000000013a5d       0x10 ./Core/Src/floppyctrl.o
 .debug_macro   0x0000000000013a6d       0x64 ./Core/Src/floppyctrl.o
 .debug_macro   0x0000000000013ad1      0x1f9 ./Core/Src/helpers.o
 .debug_macro   0x0000000000013cca      0x20b ./Core/Src/main.o
 .debug_macro   0x0000000000013ed5      0x1ef ./Core/Src/stm32g0xx_hal_msp.o
 .debug_macro   0x00000000000140c4      0x1f9 ./Core/Src/stm32g0xx_it.o
 .debug_macro   0x00000000000142bd      0x1e0 ./Core/Src/system_stm32g0xx.o
 .debug_macro   0x000000000001449d      0x1fe ./Drivers/STM32G0xx_HAL_Driver/Src/stm32g0xx_hal.o
 .debug_macro   0x000000000001469b      0x1e0 ./Drivers/STM32G0xx_HAL_Driver/Src/stm32g0xx_hal_cortex.o
 .debug_macro   0x000000000001487b      0x1e0 ./Drivers/STM32G0xx_HAL_Driver/Src/stm32g0xx_hal_dma.o
 .debug_macro   0x0000000000014a5b      0x1e7 ./Drivers/STM32G0xx_HAL_Driver/Src/stm32g0xx_hal_gpio.o
 .debug_macro   0x0000000000014c42      0x1f2 ./Drivers/STM32G0xx_HAL_Driver/Src/stm32g0xx_hal_pwr_ex.o
 .debug_macro   0x0000000000014e34      0x21c ./Drivers/STM32G0xx_HAL_Driver/Src/stm32g0xx_hal_rcc.o
 .debug_macro   0x0000000000015050      0x1e8 ./Drivers/STM32G0xx_HAL_Driver/Src/stm32g0xx_hal_spi.o
 .debug_macro   0x0000000000015238      0x1e8 ./Drivers/STM32G0xx_HAL_Driver/Src/stm32g0xx_hal_tim.o
 .debug_macro   0x0000000000015420      0x1e6 ./Drivers/STM32G0xx_HAL_Driver/Src/stm32g0xx_hal_tim_ex.o

.debug_line     0x0000000000000000    0x167c0
 .debug_line    0x0000000000000000      0xfe8 ./Core/Src/fdd_data.o
 .debug_line    0x0000000000000fe8     0x13bd ./Core/Src/floppyctrl.o
 .debug_line    0x00000000000023a5      0x922 ./Core/Src/helpers.o
 .debug_line    0x0000000000002cc7      0xf22 ./Core/Src/main.o
 .debug_line    0x0000000000003be9      0xc3e ./Core/Src/stm32g0xx_hal_msp.o
 .debug_line    0x0000000000004827      0x9c7 ./Core/Src/stm32g0xx_it.o
 .debug_line    0x00000000000051ee      0x9a2 ./Core/Src/system_stm32g0xx.o
 .debug_line    0x0000000000005b90       0x89 ./Core/Startup/startup_stm32g030f6px.o
 .debug_line    0x0000000000005c19      0xc8d ./Drivers/STM32G0xx_HAL_Driver/Src/stm32g0xx_hal.o
 .debug_line    0x00000000000068a6      0xd5c ./Drivers/STM32G0xx_HAL_Driver/Src/stm32g0xx_hal_cortex.o
 .debug_line    0x0000000000007602     0x1204 ./Drivers/STM32G0xx_HAL_Driver/Src/stm32g0xx_hal_dma.o
 .debug_line    0x0000000000008806      0xdaa ./Drivers/STM32G0xx_HAL_Driver/Src/stm32g0xx_hal_gpio.o
 .debug_line    0x00000000000095b0      0xc69 ./Drivers/STM32G0xx_HAL_Driver/Src/stm32g0xx_hal_pwr_ex.o
 .debug_line    0x000000000000a219     0x140c ./Drivers/STM32G0xx_HAL_Driver/Src/stm32g0xx_hal_rcc.o
 .debug_line    0x000000000000b625     0x34c2 ./Drivers/STM32G0xx_HAL_Driver/Src/stm32g0xx_hal_spi.o
 .debug_line    0x000000000000eae7     0x56c9 ./Drivers/STM32G0xx_HAL_Driver/Src/stm32g0xx_hal_tim.o
 .debug_line    0x00000000000141b0     0x2610 ./Drivers/STM32G0xx_HAL_Driver/Src/stm32g0xx_hal_tim_ex.o

.debug_str      0x0000000000000000    0x86089
 .debug_str     0x0000000000000000    0x82a41 ./Core/Src/fdd_data.o
                                      0x83029 (size before relaxing)
 .debug_str     0x0000000000082a41      0x612 ./Core/Src/floppyctrl.o
                                      0x83396 (size before relaxing)
 .debug_str     0x0000000000083053       0x2d ./Core/Src/helpers.o
                                      0x7f45d (size before relaxing)
 .debug_str     0x0000000000083080      0x774 ./Core/Src/main.o
                                      0x80783 (size before relaxing)
 .debug_str     0x00000000000837f4       0xcd ./Core/Src/stm32g0xx_hal_msp.o
                                      0x80081 (size before relaxing)
 .debug_str     0x00000000000838c1      0x13d ./Core/Src/stm32g0xx_it.o
                                      0x7fd7e (size before relaxing)
 .debug_str     0x00000000000839fe       0x8e ./Core/Src/system_stm32g0xx.o
                                      0x7f2c8 (size before relaxing)
 .debug_str     0x0000000000083a8c       0x36 ./Core/Startup/startup_stm32g030f6px.o
                                         0x50 (size before relaxing)
 .debug_str     0x0000000000083ac2      0x444 ./Drivers/STM32G0xx_HAL_Driver/Src/stm32g0xx_hal.o
                                      0x7f953 (size before relaxing)
 .debug_str     0x0000000000083f06      0x253 ./Drivers/STM32G0xx_HAL_Driver/Src/stm32g0xx_hal_cortex.o
                                      0x7f6d4 (size before relaxing)
 .debug_str     0x0000000000084159      0x290 ./Drivers/STM32G0xx_HAL_Driver/Src/stm32g0xx_hal_dma.o
                                      0x7f762 (size before relaxing)
 .debug_str     0x00000000000843e9       0xba ./Drivers/STM32G0xx_HAL_Driver/Src/stm32g0xx_hal_gpio.o
                                      0x7f3ef (size before relaxing)
 .debug_str     0x00000000000844a3      0x221 ./Drivers/STM32G0xx_HAL_Driver/Src/stm32g0xx_hal_pwr_ex.o
                                      0x7f51c (size before relaxing)
 .debug_str     0x00000000000846c4      0x343 ./Drivers/STM32G0xx_HAL_Driver/Src/stm32g0xx_hal_rcc.o
                                      0x7f8b9 (size before relaxing)
 .debug_str     0x0000000000084a07      0x54d ./Drivers/STM32G0xx_HAL_Driver/Src/stm32g0xx_hal_spi.o
                                      0x7fd1b (size before relaxing)
 .debug_str     0x0000000000084f54      0xc2f ./Drivers/STM32G0xx_HAL_Driver/Src/stm32g0xx_hal_tim.o
                                      0x807ec (size before relaxing)
 .debug_str     0x0000000000085b83      0x506 ./Drivers/STM32G0xx_HAL_Driver/Src/stm32g0xx_hal_tim_ex.o
                                      0x8018a (size before relaxing)

.comment        0x0000000000000000       0x50
 .comment       0x0000000000000000       0x50 ./Core/Src/fdd_data.o
                                         0x51 (size before relaxing)
 .comment       0x0000000000000050       0x51 ./Core/Src/floppyctrl.o
 .comment       0x0000000000000050       0x51 ./Core/Src/helpers.o
 .comment       0x0000000000000050       0x51 ./Core/Src/main.o
 .comment       0x0000000000000050       0x51 ./Core/Src/stm32g0xx_hal_msp.o
 .comment       0x0000000000000050       0x51 ./Core/Src/stm32g0xx_it.o
 .comment       0x0000000000000050       0x51 ./Core/Src/system_stm32g0xx.o
 .comment       0x0000000000000050       0x51 ./Drivers/STM32G0xx_HAL_Driver/Src/stm32g0xx_hal.o
 .comment       0x0000000000000050       0x51 ./Drivers/STM32G0xx_HAL_Driver/Src/stm32g0xx_hal_cortex.o
 .comment       0x0000000000000050       0x51 ./Drivers/STM32G0xx_HAL_Driver/Src/stm32g0xx_hal_dma.o
 .comment       0x0000000000000050       0x51 ./Drivers/STM32G0xx_HAL_Driver/Src/stm32g0xx_hal_gpio.o
 .comment       0x0000000000000050       0x51 ./Drivers/STM32G0xx_HAL_Driver/Src/stm32g0xx_hal_pwr_ex.o
 .comment       0x0000000000000050       0x51 ./Drivers/STM32G0xx_HAL_Driver/Src/stm32g0xx_hal_rcc.o
 .comment       0x0000000000000050       0x51 ./Drivers/STM32G0xx_HAL_Driver/Src/stm32g0xx_hal_spi.o
 .comment       0x0000000000000050       0x51 ./Drivers/STM32G0xx_HAL_Driver/Src/stm32g0xx_hal_tim.o
 .comment       0x0000000000000050       0x51 ./Drivers/STM32G0xx_HAL_Driver/Src/stm32g0xx_hal_tim_ex.o

.debug_frame    0x0000000000000000     0x264c
 .debug_frame   0x0000000000000000      0x138 ./Core/Src/fdd_data.o
 .debug_frame   0x0000000000000138      0x264 ./Core/Src/floppyctrl.o
 .debug_frame   0x000000000000039c       0x24 ./Core/Src/helpers.o
 .debug_frame   0x00000000000003c0      0x10c ./Core/Src/main.o
 .debug_frame   0x00000000000004cc       0xa8 ./Core/Src/stm32g0xx_hal_msp.o
 .debug_frame   0x0000000000000574       0xe0 ./Core/Src/stm32g0xx_it.o
 .debug_frame   0x0000000000000654       0x38 ./Core/Src/system_stm32g0xx.o
 .debug_frame   0x000000000000068c      0x20c ./Drivers/STM32G0xx_HAL_Driver/Src/stm32g0xx_hal.o
 .debug_frame   0x0000000000000898      0x114 ./Drivers/STM32G0xx_HAL_Driver/Src/stm32g0xx_hal_cortex.o
 .debug_frame   0x00000000000009ac      0x188 ./Drivers/STM32G0xx_HAL_Driver/Src/stm32g0xx_hal_dma.o
 .debug_frame   0x0000000000000b34       0xd0 ./Drivers/STM32G0xx_HAL_Driver/Src/stm32g0xx_hal_gpio.o
 .debug_frame   0x0000000000000c04      0x120 ./Drivers/STM32G0xx_HAL_Driver/Src/stm32g0xx_hal_pwr_ex.o
 .debug_frame   0x0000000000000d24      0x16c ./Drivers/STM32G0xx_HAL_Driver/Src/stm32g0xx_hal_rcc.o
 .debug_frame   0x0000000000000e90      0x610 ./Drivers/STM32G0xx_HAL_Driver/Src/stm32g0xx_hal_spi.o
 .debug_frame   0x00000000000014a0      0xb18 ./Drivers/STM32G0xx_HAL_Driver/Src/stm32g0xx_hal_tim.o
 .debug_frame   0x0000000000001fb8      0x4c0 ./Drivers/STM32G0xx_HAL_Driver/Src/stm32g0xx_hal_tim_ex.o
 .debug_frame   0x0000000000002478       0x2c c:/program files/stmicroelectronics/stm32cubeide_1.9.0/stm32cubeide/plugins/com.st.stm32cube.ide.mcu.externaltools.gnu-tools-for-stm32.10.3-2021.10.win32_1.0.0.202111181127/tools/bin/../lib/gcc/arm-none-eabi/10.3.1/../../../../arm-none-eabi/lib/thumb/v6-m/nofp\libc_nano.a(lib_a-init.o)
 .debug_frame   0x00000000000024a4       0x20 c:/program files/stmicroelectronics/stm32cubeide_1.9.0/stm32cubeide/plugins/com.st.stm32cube.ide.mcu.externaltools.gnu-tools-for-stm32.10.3-2021.10.win32_1.0.0.202111181127/tools/bin/../lib/gcc/arm-none-eabi/10.3.1/../../../../arm-none-eabi/lib/thumb/v6-m/nofp\libc_nano.a(lib_a-memset.o)
 .debug_frame   0x00000000000024c4       0x20 c:/program files/stmicroelectronics/stm32cubeide_1.9.0/stm32cubeide/plugins/com.st.stm32cube.ide.mcu.externaltools.gnu-tools-for-stm32.10.3-2021.10.win32_1.0.0.202111181127/tools/bin/../lib/gcc/arm-none-eabi/10.3.1/thumb/v6-m/nofp\libgcc.a(_udivsi3.o)
 .debug_frame   0x00000000000024e4       0x28 c:/program files/stmicroelectronics/stm32cubeide_1.9.0/stm32cubeide/plugins/com.st.stm32cube.ide.mcu.externaltools.gnu-tools-for-stm32.10.3-2021.10.win32_1.0.0.202111181127/tools/bin/../lib/gcc/arm-none-eabi/10.3.1/thumb/v6-m/nofp\libgcc.a(_fixunssfsi.o)
 .debug_frame   0x000000000000250c       0x38 c:/program files/stmicroelectronics/stm32cubeide_1.9.0/stm32cubeide/plugins/com.st.stm32cube.ide.mcu.externaltools.gnu-tools-for-stm32.10.3-2021.10.win32_1.0.0.202111181127/tools/bin/../lib/gcc/arm-none-eabi/10.3.1/thumb/v6-m/nofp\libgcc.a(divsf3.o)
 .debug_frame   0x0000000000002544       0x2c c:/program files/stmicroelectronics/stm32cubeide_1.9.0/stm32cubeide/plugins/com.st.stm32cube.ide.mcu.externaltools.gnu-tools-for-stm32.10.3-2021.10.win32_1.0.0.202111181127/tools/bin/../lib/gcc/arm-none-eabi/10.3.1/thumb/v6-m/nofp\libgcc.a(eqsf2.o)
 .debug_frame   0x0000000000002570       0x2c c:/program files/stmicroelectronics/stm32cubeide_1.9.0/stm32cubeide/plugins/com.st.stm32cube.ide.mcu.externaltools.gnu-tools-for-stm32.10.3-2021.10.win32_1.0.0.202111181127/tools/bin/../lib/gcc/arm-none-eabi/10.3.1/thumb/v6-m/nofp\libgcc.a(gesf2.o)
 .debug_frame   0x000000000000259c       0x2c c:/program files/stmicroelectronics/stm32cubeide_1.9.0/stm32cubeide/plugins/com.st.stm32cube.ide.mcu.externaltools.gnu-tools-for-stm32.10.3-2021.10.win32_1.0.0.202111181127/tools/bin/../lib/gcc/arm-none-eabi/10.3.1/thumb/v6-m/nofp\libgcc.a(lesf2.o)
 .debug_frame   0x00000000000025c8       0x38 c:/program files/stmicroelectronics/stm32cubeide_1.9.0/stm32cubeide/plugins/com.st.stm32cube.ide.mcu.externaltools.gnu-tools-for-stm32.10.3-2021.10.win32_1.0.0.202111181127/tools/bin/../lib/gcc/arm-none-eabi/10.3.1/thumb/v6-m/nofp\libgcc.a(subsf3.o)
 .debug_frame   0x0000000000002600       0x20 c:/program files/stmicroelectronics/stm32cubeide_1.9.0/stm32cubeide/plugins/com.st.stm32cube.ide.mcu.externaltools.gnu-tools-for-stm32.10.3-2021.10.win32_1.0.0.202111181127/tools/bin/../lib/gcc/arm-none-eabi/10.3.1/thumb/v6-m/nofp\libgcc.a(fixsfsi.o)
 .debug_frame   0x0000000000002620       0x2c c:/program files/stmicroelectronics/stm32cubeide_1.9.0/stm32cubeide/plugins/com.st.stm32cube.ide.mcu.externaltools.gnu-tools-for-stm32.10.3-2021.10.win32_1.0.0.202111181127/tools/bin/../lib/gcc/arm-none-eabi/10.3.1/thumb/v6-m/nofp\libgcc.a(floatunsisf.o)
