../Core/Src/floppyctrl.c:37:10:getTracks	0	static
../Core/Src/floppyctrl.c:41:10:getTrack	8	static
../Core/Src/floppyctrl.c:49:6:setTrack	0	static
../Core/Src/floppyctrl.c:54:6:HAL_GPIO_EXTI_Rising_Callback	0	static
../Core/Src/floppyctrl.c:64:6:HAL_GPIO_EXTI_Falling_Callback	8	static
../Core/Src/floppyctrl.c:144:6:HAL_TIM_PeriodElapsedCallback	0	static
../Core/Src/floppyctrl.c:149:6:setSSI	0	static
../Core/Src/floppyctrl.c:156:6:setEnabled	8	static
../Core/Src/floppyctrl.c:194:6:setSteps	0	static
../Core/Src/floppyctrl.c:200:9:getAddress	0	static
../Core/Src/floppyctrl.c:324:19:spiBeginReceive	8	static
../Core/Src/floppyctrl.c:328:19:spiBeginTransmit	8	static
../Core/Src/floppyctrl.c:207:6:executeCmd_IT	8	static
../Core/Src/floppyctrl.c:340:6:HAL_SPI_TxCpltCallback	8	static
../Core/Src/floppyctrl.c:347:6:HAL_SPI_RxCpltCallback	8	static
../Core/Src/floppyctrl.c:375:6:gpioStepPin	32	static
../Core/Src/floppyctrl.c:384:6:reinitTimerStepPin	8	static
../Core/Src/floppyctrl.c:390:6:setPulseFreq	24	static
../Core/Src/floppyctrl.c:79:6:findAddress	16	static
../Core/Src/floppyctrl.c:160:6:homeHeads	16	static
../Core/Src/floppyctrl.c:422:6:setExtClkMode	56	static
../Core/Src/floppyctrl.c:247:6:executeCmd	16	static
../Core/Src/floppyctrl.c:314:6:update	8	static
../Core/Src/floppyctrl.c:460:6:initializeTimers	8	static
../Core/Src/floppyctrl.c:471:6:initializeComms	8	static
../Core/Src/floppyctrl.c:332:6:HAL_SPI_ErrorCallback	8	static
