../Core/Src/main.c:479:13:MX_GPIO_Init	64	static
../Core/Src/main.c:542:6:Error_Handler	0	static,ignoring_inline_asm
../Core/Src/main.c:443:13:MX_DMA_Init	16	static
../Core/Src/main.c:186:13:MX_SPI1_Init	8	static
../Core/Src/main.c:367:13:MX_TIM14_Init	8	static
../Core/Src/main.c:398:13:MX_TIM17_Init	24	static
../Core/Src/main.c:140:6:SystemClock_Config	80	static
../Core/Src/main.c:225:6:MX_TIM1_Init	120	static
../Core/Src/main.c:307:6:MX_TIM3_Init	72	static
../Core/Src/main.c:77:5:main	8	static
