../Core/Src/stm32g0xx_it.c:73:6:NMI_Handler	0	static
../Core/Src/stm32g0xx_it.c:88:6:HardFault_Handler	0	static
../Core/Src/stm32g0xx_it.c:103:6:SVC_Handler	0	static
../Core/Src/stm32g0xx_it.c:116:6:PendSV_Handler	0	static
../Core/Src/stm32g0xx_it.c:129:6:SysTick_Handler	8	static
../Core/Src/stm32g0xx_it.c:150:6:EXTI4_15_IRQHandler	8	static
../Core/Src/stm32g0xx_it.c:165:6:DMA1_Channel1_IRQHandler	8	static
../Core/Src/stm32g0xx_it.c:179:6:DMA1_Channel2_3_IRQHandler	8	static
../Core/Src/stm32g0xx_it.c:194:6:TIM17_IRQHandler	8	static
../Core/Src/stm32g0xx_it.c:208:6:SPI1_IRQHandler	8	static
